
 /----------------------------------------------------------------------------\
 |                                                                            |
 |  yosys -- Yosys Open SYnthesis Suite                                       |
 |                                                                            |
 |  Copyright (C) 2012 - 2020  Claire Xenia Wolf <claire@yosyshq.com>         |
 |                                                                            |
 |  Permission to use, copy, modify, and/or distribute this software for any  |
 |  purpose with or without fee is hereby granted, provided that the above    |
 |  copyright notice and this permission notice appear in all copies.         |
 |                                                                            |
 |  THE SOFTWARE IS PROVIDED "AS IS" AND THE AUTHOR DISCLAIMS ALL WARRANTIES  |
 |  WITH REGARD TO THIS SOFTWARE INCLUDING ALL IMPLIED WARRANTIES OF          |
 |  MERCHANTABILITY AND FITNESS. IN NO EVENT SHALL THE AUTHOR BE LIABLE FOR   |
 |  ANY SPECIAL, DIRECT, INDIRECT, OR CONSEQUENTIAL DAMAGES OR ANY DAMAGES    |
 |  WHATSOEVER RESULTING FROM LOSS OF USE, DATA OR PROFITS, WHETHER IN AN     |
 |  ACTION OF CONTRACT, NEGLIGENCE OR OTHER TORTIOUS ACTION, ARISING OUT OF   |
 |  OR IN CONNECTION WITH THE USE OR PERFORMANCE OF THIS SOFTWARE.            |
 |                                                                            |
 \----------------------------------------------------------------------------/

 Yosys 0.33 (git sha1 2584903a060)


-- Executing script file `risultati/extract_fsm.ys' --

1. Executing Verilog-2005 frontend: structural/vending_fsm.v
Parsing Verilog input from `structural/vending_fsm.v' to AST representation.
Generating RTLIL representation for module `\vending_fsm'.
Successfully finished Verilog frontend.

2. Executing HIERARCHY pass (managing design hierarchy).

2.1. Analyzing design hierarchy..
Top module:  \vending_fsm

2.2. Analyzing design hierarchy..
Top module:  \vending_fsm
Removed 0 unused modules.

3. Executing PROC pass (convert processes to netlists).

3.1. Executing PROC_CLEAN pass (remove empty switches from decision trees).
Cleaned up 0 empty switches.

3.2. Executing PROC_RMDEAD pass (remove dead branches from decision trees).
Removed 1 dead cases from process $proc$structural/vending_fsm.v:73$8 in module vending_fsm.
Marked 8 switch rules as full_case in process $proc$structural/vending_fsm.v:73$8 in module vending_fsm.
Marked 1 switch rules as full_case in process $proc$structural/vending_fsm.v:64$6 in module vending_fsm.
Marked 2 switch rules as full_case in process $proc$structural/vending_fsm.v:50$1 in module vending_fsm.
Removed a total of 1 dead cases.

3.3. Executing PROC_PRUNE pass (remove redundant assignments in processes).
Removed 1 redundant assignment.
Promoted 12 assignments to connections.

3.4. Executing PROC_INIT pass (extract init attributes).

3.5. Executing PROC_ARST pass (detect async resets in processes).
Found async reset \rst in `\vending_fsm.$proc$structural/vending_fsm.v:64$6'.
Found async reset \rst in `\vending_fsm.$proc$structural/vending_fsm.v:50$1'.

3.6. Executing PROC_ROM pass (convert switches to ROMs).
Converted 0 switches.
<suppressed ~11 debug messages>

3.7. Executing PROC_MUX pass (convert decision trees to multiplexers).
Creating decoders for process `\vending_fsm.$proc$structural/vending_fsm.v:73$8'.
     1/50: $6\prodotto1[0:0]
     2/50: $6\prodotto4[0:0]
     3/50: $6\prodotto3[0:0]
     4/50: $6\prodotto2[0:0]
     5/50: $7\next_stato[1:0]
     6/50: $5\prodotto4[0:0]
     7/50: $5\prodotto3[0:0]
     8/50: $5\prodotto2[0:0]
     9/50: $5\prodotto1[0:0]
    10/50: $5\do_ok[0:0]
    11/50: $5\do_err[0:0]
    12/50: $6\next_stato[1:0]
    13/50: $4\prodotto4[0:0]
    14/50: $4\prodotto3[0:0]
    15/50: $4\prodotto2[0:0]
    16/50: $4\prodotto1[0:0]
    17/50: $4\do_ok[0:0]
    18/50: $4\do_err[0:0]
    19/50: $5\next_stato[1:0]
    20/50: $3\do_cancel[0:0]
    21/50: $3\prodotto4[0:0]
    22/50: $3\prodotto3[0:0]
    23/50: $3\prodotto2[0:0]
    24/50: $3\prodotto1[0:0]
    25/50: $3\do_ok[0:0]
    26/50: $3\do_err[0:0]
    27/50: $4\next_stato[1:0]
    28/50: $3\do_add_coin[0:0]
    29/50: $2\prodotto4[0:0]
    30/50: $2\prodotto3[0:0]
    31/50: $2\prodotto2[0:0]
    32/50: $2\prodotto1[0:0]
    33/50: $2\do_ok[0:0]
    34/50: $2\do_err[0:0]
    35/50: $2\do_cancel[0:0]
    36/50: $3\next_stato[1:0]
    37/50: $2\do_add_coin[0:0]
    38/50: $2\next_stato[1:0]
    39/50: $1\next_stato[1:0]
    40/50: $1\mode_init[0:0]
    41/50: $1\prodotto4[0:0]
    42/50: $1\prodotto3[0:0]
    43/50: $1\prodotto2[0:0]
    44/50: $1\prodotto1[0:0]
    45/50: $1\do_erogazione[0:0]
    46/50: $1\do_ok[0:0]
    47/50: $1\do_err[0:0]
    48/50: $1\do_cancel[0:0]
    49/50: $1\do_add_coin[0:0]
    50/50: $1\clear_outputs[0:0]
Creating decoders for process `\vending_fsm.$proc$structural/vending_fsm.v:64$6'.
     1/1: $0\sel_latched[2:0]
Creating decoders for process `\vending_fsm.$proc$structural/vending_fsm.v:50$1'.
     1/2: $0\stato[1:0]
     2/2: $0\init_counter[3:0]

3.8. Executing PROC_DLATCH pass (convert process syncs to latches).
No latch inferred for signal `\vending_fsm.\mode_init' from process `\vending_fsm.$proc$structural/vending_fsm.v:73$8'.
No latch inferred for signal `\vending_fsm.\clear_outputs' from process `\vending_fsm.$proc$structural/vending_fsm.v:73$8'.
No latch inferred for signal `\vending_fsm.\do_add_coin' from process `\vending_fsm.$proc$structural/vending_fsm.v:73$8'.
No latch inferred for signal `\vending_fsm.\do_cancel' from process `\vending_fsm.$proc$structural/vending_fsm.v:73$8'.
No latch inferred for signal `\vending_fsm.\do_err' from process `\vending_fsm.$proc$structural/vending_fsm.v:73$8'.
No latch inferred for signal `\vending_fsm.\do_ok' from process `\vending_fsm.$proc$structural/vending_fsm.v:73$8'.
No latch inferred for signal `\vending_fsm.\do_erogazione' from process `\vending_fsm.$proc$structural/vending_fsm.v:73$8'.
No latch inferred for signal `\vending_fsm.\prodotto1' from process `\vending_fsm.$proc$structural/vending_fsm.v:73$8'.
No latch inferred for signal `\vending_fsm.\prodotto2' from process `\vending_fsm.$proc$structural/vending_fsm.v:73$8'.
No latch inferred for signal `\vending_fsm.\prodotto3' from process `\vending_fsm.$proc$structural/vending_fsm.v:73$8'.
No latch inferred for signal `\vending_fsm.\prodotto4' from process `\vending_fsm.$proc$structural/vending_fsm.v:73$8'.
No latch inferred for signal `\vending_fsm.\next_stato' from process `\vending_fsm.$proc$structural/vending_fsm.v:73$8'.

3.9. Executing PROC_DFF pass (convert process syncs to FFs).
Creating register for signal `\vending_fsm.\sel_latched' using process `\vending_fsm.$proc$structural/vending_fsm.v:64$6'.
  created $adff cell `$procdff$495' with positive edge clock and negative level reset.
Creating register for signal `\vending_fsm.\init_counter' using process `\vending_fsm.$proc$structural/vending_fsm.v:50$1'.
  created $adff cell `$procdff$496' with positive edge clock and negative level reset.
Creating register for signal `\vending_fsm.\stato' using process `\vending_fsm.$proc$structural/vending_fsm.v:50$1'.
  created $adff cell `$procdff$497' with positive edge clock and negative level reset.

3.10. Executing PROC_MEMWR pass (convert process memory writes to cells).

3.11. Executing PROC_CLEAN pass (remove empty switches from decision trees).
Found and cleaned up 8 empty switches in `\vending_fsm.$proc$structural/vending_fsm.v:73$8'.
Removing empty process `vending_fsm.$proc$structural/vending_fsm.v:73$8'.
Found and cleaned up 1 empty switch in `\vending_fsm.$proc$structural/vending_fsm.v:64$6'.
Removing empty process `vending_fsm.$proc$structural/vending_fsm.v:64$6'.
Found and cleaned up 2 empty switches in `\vending_fsm.$proc$structural/vending_fsm.v:50$1'.
Removing empty process `vending_fsm.$proc$structural/vending_fsm.v:50$1'.
Cleaned up 11 empty switches.

3.12. Executing OPT_EXPR pass (perform const folding).
Optimizing module vending_fsm.
<suppressed ~16 debug messages>

4. Executing FSM_DETECT pass (finding FSMs in design).
Not marking vending_fsm.stato as FSM state register:
    Circuit seems to be self-resetting.

5. Executing FSM_EXTRACT pass (extracting FSM from design).

6. Executing FSM_EXPAND pass (merging auxiliary logic into FSMs).

7. Executing OPT_CLEAN pass (remove unused cells and wires).
Finding unused cells or wires in module \vending_fsm..
Removed 2 unused cells and 175 unused wires.
<suppressed ~3 debug messages>

8. Executing FSM_OPT pass (simple optimizations of FSMs).

9. Executing OPT_CLEAN pass (remove unused cells and wires).
Finding unused cells or wires in module \vending_fsm..

10. Executing FSM_EXPORT pass (exporting FSMs in KISS2 file format).

11. Printing statistics.

=== vending_fsm ===

   Number of wires:                258
   Number of wire bits:            298
   Number of public wires:          23
   Number of public wire bits:      34
   Number of memories:               0
   Number of memory bits:            0
   Number of processes:              0
   Number of cells:                250
     $add                            1
     $adff                           3
     $eq                            78
     $logic_and                      1
     $logic_not                     14
     $lt                             1
     $mux                          138
     $pmux                          12
     $reduce_bool                    2

End of script. Logfile hash: 867538d000, CPU: user 0.03s system 0.01s, MEM: 11.00 MB peak
Yosys 0.33 (git sha1 2584903a060)
Time spent: 30% 2x opt_clean (0 sec), 22% 1x opt_expr (0 sec), ...
