
 /----------------------------------------------------------------------------\
 |                                                                            |
 |  yosys -- Yosys Open SYnthesis Suite                                       |
 |                                                                            |
 |  Copyright (C) 2012 - 2020  Claire Xenia Wolf <claire@yosyshq.com>         |
 |                                                                            |
 |  Permission to use, copy, modify, and/or distribute this software for any  |
 |  purpose with or without fee is hereby granted, provided that the above    |
 |  copyright notice and this permission notice appear in all copies.         |
 |                                                                            |
 |  THE SOFTWARE IS PROVIDED "AS IS" AND THE AUTHOR DISCLAIMS ALL WARRANTIES  |
 |  WITH REGARD TO THIS SOFTWARE INCLUDING ALL IMPLIED WARRANTIES OF          |
 |  MERCHANTABILITY AND FITNESS. IN NO EVENT SHALL THE AUTHOR BE LIABLE FOR   |
 |  ANY SPECIAL, DIRECT, INDIRECT, OR CONSEQUENTIAL DAMAGES OR ANY DAMAGES    |
 |  WHATSOEVER RESULTING FROM LOSS OF USE, DATA OR PROFITS, WHETHER IN AN     |
 |  ACTION OF CONTRACT, NEGLIGENCE OR OTHER TORTIOUS ACTION, ARISING OUT OF   |
 |  OR IN CONNECTION WITH THE USE OR PERFORMANCE OF THIS SOFTWARE.            |
 |                                                                            |
 \----------------------------------------------------------------------------/

 Yosys 0.33 (git sha1 2584903a060)


-- Executing script file `risultati/synth_structural.ys' --

1. Executing Verilog-2005 frontend: structural/vending_structural.v
Parsing Verilog input from `structural/vending_structural.v' to AST representation.
Generating RTLIL representation for module `\RegistroPP'.
Generating RTLIL representation for module `\Sommatore'.
Generating RTLIL representation for module `\Sottrattore'.
Generating RTLIL representation for module `\ComparatoreGE'.
Generating RTLIL representation for module `\ComparatoreEQ'.
Generating RTLIL representation for module `\Mux2'.
Generating RTLIL representation for module `\Mux4'.
Generating RTLIL representation for module `\vending_structural'.
Successfully finished Verilog frontend.

2. Executing Verilog-2005 frontend: structural/vending_fsm.v
Parsing Verilog input from `structural/vending_fsm.v' to AST representation.
Generating RTLIL representation for module `\vending_fsm'.
Successfully finished Verilog frontend.

3. Executing Verilog-2005 frontend: structural/GreedyLogic.v
Parsing Verilog input from `structural/GreedyLogic.v' to AST representation.
Generating RTLIL representation for module `\GreedyLogic'.
Successfully finished Verilog frontend.

4. Executing HIERARCHY pass (managing design hierarchy).

4.1. Analyzing design hierarchy..
Top module:  \vending_structural
Used module:     \RegistroPP
Used module:     \GreedyLogic
Used module:     \Sottrattore
Used module:     \Sommatore
Used module:     \ComparatoreGE
Used module:     \Mux4
Used module:     \vending_fsm
Parameter 1 (\N) = 6

4.2. Executing AST frontend in derive mode using pre-parsed AST for module `\RegistroPP'.
Parameter 1 (\N) = 6
Generating RTLIL representation for module `$paramod\RegistroPP\N=s32'00000000000000000000000000000110'.
Parameter 1 (\N) = 6
Found cached RTLIL representation for module `$paramod\RegistroPP\N=s32'00000000000000000000000000000110'.
Parameter 1 (\N) = 6
Found cached RTLIL representation for module `$paramod\RegistroPP\N=s32'00000000000000000000000000000110'.
Parameter 1 (\N) = 6
Found cached RTLIL representation for module `$paramod\RegistroPP\N=s32'00000000000000000000000000000110'.
Parameter 1 (\N) = 1

4.3. Executing AST frontend in derive mode using pre-parsed AST for module `\RegistroPP'.
Parameter 1 (\N) = 1
Generating RTLIL representation for module `$paramod\RegistroPP\N=s32'00000000000000000000000000000001'.
Parameter 1 (\N) = 1
Found cached RTLIL representation for module `$paramod\RegistroPP\N=s32'00000000000000000000000000000001'.
Parameter 1 (\N) = 1
Found cached RTLIL representation for module `$paramod\RegistroPP\N=s32'00000000000000000000000000000001'.
Parameter 1 (\N) = 1
Found cached RTLIL representation for module `$paramod\RegistroPP\N=s32'00000000000000000000000000000001'.
Parameter 1 (\N) = 6
Found cached RTLIL representation for module `$paramod\RegistroPP\N=s32'00000000000000000000000000000110'.
Parameter 1 (\N) = 2

4.4. Executing AST frontend in derive mode using pre-parsed AST for module `\RegistroPP'.
Parameter 1 (\N) = 2
Generating RTLIL representation for module `$paramod\RegistroPP\N=s32'00000000000000000000000000000010'.
Parameter 1 (\N) = 10

4.5. Executing AST frontend in derive mode using pre-parsed AST for module `\RegistroPP'.
Parameter 1 (\N) = 10
Generating RTLIL representation for module `$paramod\RegistroPP\N=s32'00000000000000000000000000001010'.
Parameter 1 (\N) = 6
Found cached RTLIL representation for module `$paramod\RegistroPP\N=s32'00000000000000000000000000000110'.
Parameter 1 (\N) = 6
Found cached RTLIL representation for module `$paramod\RegistroPP\N=s32'00000000000000000000000000000110'.
Parameter 1 (\N) = 6
Found cached RTLIL representation for module `$paramod\RegistroPP\N=s32'00000000000000000000000000000110'.
Parameter 1 (\N) = 6
Found cached RTLIL representation for module `$paramod\RegistroPP\N=s32'00000000000000000000000000000110'.
Parameter 1 (\N) = 6
Found cached RTLIL representation for module `$paramod\RegistroPP\N=s32'00000000000000000000000000000110'.
Parameter 1 (\N) = 6
Found cached RTLIL representation for module `$paramod\RegistroPP\N=s32'00000000000000000000000000000110'.
Parameter 1 (\N) = 6
Found cached RTLIL representation for module `$paramod\RegistroPP\N=s32'00000000000000000000000000000110'.
Parameter 1 (\N) = 6
Found cached RTLIL representation for module `$paramod\RegistroPP\N=s32'00000000000000000000000000000110'.
Parameter 1 (\N) = 6
Found cached RTLIL representation for module `$paramod\RegistroPP\N=s32'00000000000000000000000000000110'.
Parameter 1 (\N) = 6
Found cached RTLIL representation for module `$paramod\RegistroPP\N=s32'00000000000000000000000000000110'.
Parameter 1 (\N) = 6
Found cached RTLIL representation for module `$paramod\RegistroPP\N=s32'00000000000000000000000000000110'.
Parameter 1 (\N) = 6
Found cached RTLIL representation for module `$paramod\RegistroPP\N=s32'00000000000000000000000000000110'.
Parameter 1 (\N) = 6
Found cached RTLIL representation for module `$paramod\RegistroPP\N=s32'00000000000000000000000000000110'.
Parameter 1 (\N) = 6
Found cached RTLIL representation for module `$paramod\RegistroPP\N=s32'00000000000000000000000000000110'.
Parameter 1 (\N) = 10

4.6. Executing AST frontend in derive mode using pre-parsed AST for module `\Sottrattore'.
Parameter 1 (\N) = 10
Generating RTLIL representation for module `$paramod\Sottrattore\N=s32'00000000000000000000000000001010'.
Parameter 1 (\N) = 10
Found cached RTLIL representation for module `$paramod\Sottrattore\N=s32'00000000000000000000000000001010'.
Parameter 1 (\N) = 6

4.7. Executing AST frontend in derive mode using pre-parsed AST for module `\Sottrattore'.
Parameter 1 (\N) = 6
Generating RTLIL representation for module `$paramod\Sottrattore\N=s32'00000000000000000000000000000110'.
Parameter 1 (\N) = 10

4.8. Executing AST frontend in derive mode using pre-parsed AST for module `\Sommatore'.
Parameter 1 (\N) = 10
Generating RTLIL representation for module `$paramod\Sommatore\N=s32'00000000000000000000000000001010'.
Parameter 1 (\N) = 6

4.9. Executing AST frontend in derive mode using pre-parsed AST for module `\Sommatore'.
Parameter 1 (\N) = 6
Generating RTLIL representation for module `$paramod\Sommatore\N=s32'00000000000000000000000000000110'.
Parameter 1 (\N) = 6

4.10. Executing AST frontend in derive mode using pre-parsed AST for module `\ComparatoreGE'.
Parameter 1 (\N) = 6
Generating RTLIL representation for module `$paramod\ComparatoreGE\N=s32'00000000000000000000000000000110'.
Parameter 1 (\N) = 6

4.11. Executing AST frontend in derive mode using pre-parsed AST for module `\Mux4'.
Parameter 1 (\N) = 6
Generating RTLIL representation for module `$paramod\Mux4\N=s32'00000000000000000000000000000110'.
Parameter 1 (\N) = 6
Found cached RTLIL representation for module `$paramod\Mux4\N=s32'00000000000000000000000000000110'.

4.12. Analyzing design hierarchy..
Top module:  \vending_structural
Used module:     $paramod\RegistroPP\N=s32'00000000000000000000000000000110
Used module:     $paramod\RegistroPP\N=s32'00000000000000000000000000000001
Used module:     $paramod\RegistroPP\N=s32'00000000000000000000000000000010
Used module:     $paramod\RegistroPP\N=s32'00000000000000000000000000001010
Used module:     \GreedyLogic
Used module:     $paramod\Sottrattore\N=s32'00000000000000000000000000001010
Used module:     $paramod\Sottrattore\N=s32'00000000000000000000000000000110
Used module:     $paramod\Sommatore\N=s32'00000000000000000000000000001010
Used module:     $paramod\Sommatore\N=s32'00000000000000000000000000000110
Used module:     $paramod\ComparatoreGE\N=s32'00000000000000000000000000000110
Used module:     $paramod\Mux4\N=s32'00000000000000000000000000000110
Used module:     \vending_fsm

4.13. Analyzing design hierarchy..
Top module:  \vending_structural
Used module:     $paramod\RegistroPP\N=s32'00000000000000000000000000000110
Used module:     $paramod\RegistroPP\N=s32'00000000000000000000000000000001
Used module:     $paramod\RegistroPP\N=s32'00000000000000000000000000000010
Used module:     $paramod\RegistroPP\N=s32'00000000000000000000000000001010
Used module:     \GreedyLogic
Used module:     $paramod\Sottrattore\N=s32'00000000000000000000000000001010
Used module:     $paramod\Sottrattore\N=s32'00000000000000000000000000000110
Used module:     $paramod\Sommatore\N=s32'00000000000000000000000000001010
Used module:     $paramod\Sommatore\N=s32'00000000000000000000000000000110
Used module:     $paramod\ComparatoreGE\N=s32'00000000000000000000000000000110
Used module:     $paramod\Mux4\N=s32'00000000000000000000000000000110
Used module:     \vending_fsm
Removing unused module `\Mux4'.
Removing unused module `\Mux2'.
Removing unused module `\ComparatoreEQ'.
Removing unused module `\ComparatoreGE'.
Removing unused module `\Sottrattore'.
Removing unused module `\Sommatore'.
Removing unused module `\RegistroPP'.
Removed 7 unused modules.
Mapping positional arguments of cell vending_structural.sub_disp_change ($paramod\Sottrattore\N=s32'00000000000000000000000000001010).
Mapping positional arguments of cell vending_structural.sub_disp_cancel ($paramod\Sottrattore\N=s32'00000000000000000000000000001010).
Mapping positional arguments of cell vending_structural.sub_change ($paramod\Sottrattore\N=s32'00000000000000000000000000000110).
Mapping positional arguments of cell vending_structural.add_disp ($paramod\Sommatore\N=s32'00000000000000000000000000001010).
Mapping positional arguments of cell vending_structural.add_cred ($paramod\Sommatore\N=s32'00000000000000000000000000000110).
Mapping positional arguments of cell vending_structural.cmp_credito ($paramod\ComparatoreGE\N=s32'00000000000000000000000000000110).
Mapping positional arguments of cell vending_structural.mux_qty ($paramod\Mux4\N=s32'00000000000000000000000000000110).
Mapping positional arguments of cell vending_structural.mux_price ($paramod\Mux4\N=s32'00000000000000000000000000000110).

5. Executing PROC pass (convert processes to netlists).

5.1. Executing PROC_CLEAN pass (remove empty switches from decision trees).
Cleaned up 0 empty switches.

5.2. Executing PROC_RMDEAD pass (remove dead branches from decision trees).
Marked 1 switch rules as full_case in process $proc$structural/components.v:13$152 in module $paramod\RegistroPP\N=s32'00000000000000000000000000000010.
Marked 1 switch rules as full_case in process $proc$structural/components.v:13$150 in module $paramod\RegistroPP\N=s32'00000000000000000000000000000001.
Marked 1 switch rules as full_case in process $proc$structural/components.v:13$148 in module $paramod\RegistroPP\N=s32'00000000000000000000000000000110.
Marked 5 switch rules as full_case in process $proc$structural/GreedyLogic.v:26$130 in module GreedyLogic.
Removed 1 dead cases from process $proc$structural/vending_fsm.v:73$125 in module vending_fsm.
Marked 8 switch rules as full_case in process $proc$structural/vending_fsm.v:73$125 in module vending_fsm.
Marked 1 switch rules as full_case in process $proc$structural/vending_fsm.v:64$123 in module vending_fsm.
Marked 2 switch rules as full_case in process $proc$structural/vending_fsm.v:50$118 in module vending_fsm.
Marked 1 switch rules as full_case in process $proc$structural/vending_structural.v:79$9 in module vending_structural.
Removed 1 dead cases from process $proc$structural/components.v:72$161 in module $paramod\Mux4\N=s32'00000000000000000000000000000110.
Marked 1 switch rules as full_case in process $proc$structural/components.v:72$161 in module $paramod\Mux4\N=s32'00000000000000000000000000000110.
Marked 1 switch rules as full_case in process $proc$structural/components.v:13$154 in module $paramod\RegistroPP\N=s32'00000000000000000000000000001010.
Removed a total of 2 dead cases.

5.3. Executing PROC_PRUNE pass (remove redundant assignments in processes).
Removed 1 redundant assignment.
Promoted 24 assignments to connections.

5.4. Executing PROC_INIT pass (extract init attributes).

5.5. Executing PROC_ARST pass (detect async resets in processes).
Found async reset \rst in `$paramod\RegistroPP\N=s32'00000000000000000000000000000010.$proc$structural/components.v:13$152'.
Found async reset \rst in `$paramod\RegistroPP\N=s32'00000000000000000000000000000001.$proc$structural/components.v:13$150'.
Found async reset \rst in `$paramod\RegistroPP\N=s32'00000000000000000000000000000110.$proc$structural/components.v:13$148'.
Found async reset \rst in `\vending_fsm.$proc$structural/vending_fsm.v:64$123'.
Found async reset \rst in `\vending_fsm.$proc$structural/vending_fsm.v:50$118'.
Found async reset \rst in `$paramod\RegistroPP\N=s32'00000000000000000000000000001010.$proc$structural/components.v:13$154'.

5.6. Executing PROC_ROM pass (convert switches to ROMs).
Converted 0 switches.
<suppressed ~22 debug messages>

5.7. Executing PROC_MUX pass (convert decision trees to multiplexers).
Creating decoders for process `$paramod\RegistroPP\N=s32'00000000000000000000000000000010.$proc$structural/components.v:13$152'.
     1/1: $0\Q[1:0]
Creating decoders for process `$paramod\RegistroPP\N=s32'00000000000000000000000000000001.$proc$structural/components.v:13$150'.
     1/1: $0\Q[0:0]
Creating decoders for process `$paramod\RegistroPP\N=s32'00000000000000000000000000000110.$proc$structural/components.v:13$148'.
     1/1: $0\Q[5:0]
Creating decoders for process `\GreedyLogic.$proc$structural/GreedyLogic.v:26$130'.
     1/14: $5\calc_qty[5:0]
     2/14: $4\calc_qty[5:0]
     3/14: $3\calc_qty[5:0]
     4/14: $2\calc_qty[5:0]
     5/14: $1\qc01_next[5:0]
     6/14: $1\c01_to_emit[5:0]
     7/14: $1\calc_qty[5:0]
     8/14: $1\calc_resto[5:0]
     9/14: $1\qc02_next[5:0]
    10/14: $1\c02_to_emit[5:0]
    11/14: $1\qc05_next[5:0]
    12/14: $1\c05_to_emit[5:0]
    13/14: $1\qc10_next[5:0]
    14/14: $1\c10_to_emit[5:0]
Creating decoders for process `\vending_fsm.$proc$structural/vending_fsm.v:73$125'.
     1/50: $6\prodotto1[0:0]
     2/50: $6\prodotto4[0:0]
     3/50: $6\prodotto3[0:0]
     4/50: $6\prodotto2[0:0]
     5/50: $7\next_stato[1:0]
     6/50: $5\prodotto4[0:0]
     7/50: $5\prodotto3[0:0]
     8/50: $5\prodotto2[0:0]
     9/50: $5\prodotto1[0:0]
    10/50: $5\do_ok[0:0]
    11/50: $5\do_err[0:0]
    12/50: $6\next_stato[1:0]
    13/50: $4\do_ok[0:0]
    14/50: $4\do_err[0:0]
    15/50: $4\prodotto4[0:0]
    16/50: $4\prodotto3[0:0]
    17/50: $4\prodotto2[0:0]
    18/50: $4\prodotto1[0:0]
    19/50: $5\next_stato[1:0]
    20/50: $3\do_cancel[0:0]
    21/50: $3\do_ok[0:0]
    22/50: $3\do_err[0:0]
    23/50: $3\prodotto4[0:0]
    24/50: $3\prodotto3[0:0]
    25/50: $3\prodotto2[0:0]
    26/50: $3\prodotto1[0:0]
    27/50: $4\next_stato[1:0]
    28/50: $3\do_add_coin[0:0]
    29/50: $2\do_ok[0:0]
    30/50: $2\do_err[0:0]
    31/50: $2\do_cancel[0:0]
    32/50: $2\prodotto4[0:0]
    33/50: $2\prodotto3[0:0]
    34/50: $2\prodotto2[0:0]
    35/50: $2\prodotto1[0:0]
    36/50: $3\next_stato[1:0]
    37/50: $2\do_add_coin[0:0]
    38/50: $2\next_stato[1:0]
    39/50: $1\next_stato[1:0]
    40/50: $1\mode_init[0:0]
    41/50: $1\do_erogazione[0:0]
    42/50: $1\do_ok[0:0]
    43/50: $1\do_err[0:0]
    44/50: $1\do_cancel[0:0]
    45/50: $1\do_add_coin[0:0]
    46/50: $1\clear_outputs[0:0]
    47/50: $1\prodotto4[0:0]
    48/50: $1\prodotto3[0:0]
    49/50: $1\prodotto2[0:0]
    50/50: $1\prodotto1[0:0]
Creating decoders for process `\vending_fsm.$proc$structural/vending_fsm.v:64$123'.
     1/1: $0\sel_latched[2:0]
Creating decoders for process `\vending_fsm.$proc$structural/vending_fsm.v:50$118'.
     1/2: $0\stato[1:0]
     2/2: $0\init_counter[3:0]
Creating decoders for process `\vending_structural.$proc$structural/vending_structural.v:79$9'.
     1/1: $1\coin_value[5:0]
Creating decoders for process `$paramod\Mux4\N=s32'00000000000000000000000000000110.$proc$structural/components.v:72$161'.
     1/1: $1\O[5:0]
Creating decoders for process `$paramod\RegistroPP\N=s32'00000000000000000000000000001010.$proc$structural/components.v:13$154'.
     1/1: $0\Q[9:0]

5.8. Executing PROC_DLATCH pass (convert process syncs to latches).
No latch inferred for signal `\GreedyLogic.\qc10_next' from process `\GreedyLogic.$proc$structural/GreedyLogic.v:26$130'.
No latch inferred for signal `\GreedyLogic.\qc05_next' from process `\GreedyLogic.$proc$structural/GreedyLogic.v:26$130'.
No latch inferred for signal `\GreedyLogic.\qc02_next' from process `\GreedyLogic.$proc$structural/GreedyLogic.v:26$130'.
No latch inferred for signal `\GreedyLogic.\qc01_next' from process `\GreedyLogic.$proc$structural/GreedyLogic.v:26$130'.
No latch inferred for signal `\GreedyLogic.\c10_to_emit' from process `\GreedyLogic.$proc$structural/GreedyLogic.v:26$130'.
No latch inferred for signal `\GreedyLogic.\c05_to_emit' from process `\GreedyLogic.$proc$structural/GreedyLogic.v:26$130'.
No latch inferred for signal `\GreedyLogic.\c02_to_emit' from process `\GreedyLogic.$proc$structural/GreedyLogic.v:26$130'.
No latch inferred for signal `\GreedyLogic.\c01_to_emit' from process `\GreedyLogic.$proc$structural/GreedyLogic.v:26$130'.
No latch inferred for signal `\GreedyLogic.\calc_resto' from process `\GreedyLogic.$proc$structural/GreedyLogic.v:26$130'.
No latch inferred for signal `\GreedyLogic.\calc_qty' from process `\GreedyLogic.$proc$structural/GreedyLogic.v:26$130'.
No latch inferred for signal `\vending_fsm.\prodotto1' from process `\vending_fsm.$proc$structural/vending_fsm.v:73$125'.
No latch inferred for signal `\vending_fsm.\prodotto2' from process `\vending_fsm.$proc$structural/vending_fsm.v:73$125'.
No latch inferred for signal `\vending_fsm.\prodotto3' from process `\vending_fsm.$proc$structural/vending_fsm.v:73$125'.
No latch inferred for signal `\vending_fsm.\prodotto4' from process `\vending_fsm.$proc$structural/vending_fsm.v:73$125'.
No latch inferred for signal `\vending_fsm.\mode_init' from process `\vending_fsm.$proc$structural/vending_fsm.v:73$125'.
No latch inferred for signal `\vending_fsm.\clear_outputs' from process `\vending_fsm.$proc$structural/vending_fsm.v:73$125'.
No latch inferred for signal `\vending_fsm.\do_add_coin' from process `\vending_fsm.$proc$structural/vending_fsm.v:73$125'.
No latch inferred for signal `\vending_fsm.\do_cancel' from process `\vending_fsm.$proc$structural/vending_fsm.v:73$125'.
No latch inferred for signal `\vending_fsm.\do_err' from process `\vending_fsm.$proc$structural/vending_fsm.v:73$125'.
No latch inferred for signal `\vending_fsm.\do_ok' from process `\vending_fsm.$proc$structural/vending_fsm.v:73$125'.
No latch inferred for signal `\vending_fsm.\do_erogazione' from process `\vending_fsm.$proc$structural/vending_fsm.v:73$125'.
No latch inferred for signal `\vending_fsm.\next_stato' from process `\vending_fsm.$proc$structural/vending_fsm.v:73$125'.
No latch inferred for signal `\vending_structural.\coin_value' from process `\vending_structural.$proc$structural/vending_structural.v:79$9'.
No latch inferred for signal `$paramod\Mux4\N=s32'00000000000000000000000000000110.\O' from process `$paramod\Mux4\N=s32'00000000000000000000000000000110.$proc$structural/components.v:72$161'.

5.9. Executing PROC_DFF pass (convert process syncs to FFs).
Creating register for signal `$paramod\RegistroPP\N=s32'00000000000000000000000000000010.\Q' using process `$paramod\RegistroPP\N=s32'00000000000000000000000000000010.$proc$structural/components.v:13$152'.
  created $adff cell `$procdff$717' with positive edge clock and negative level reset.
Creating register for signal `$paramod\RegistroPP\N=s32'00000000000000000000000000000001.\Q' using process `$paramod\RegistroPP\N=s32'00000000000000000000000000000001.$proc$structural/components.v:13$150'.
  created $adff cell `$procdff$718' with positive edge clock and negative level reset.
Creating register for signal `$paramod\RegistroPP\N=s32'00000000000000000000000000000110.\Q' using process `$paramod\RegistroPP\N=s32'00000000000000000000000000000110.$proc$structural/components.v:13$148'.
  created $adff cell `$procdff$719' with positive edge clock and negative level reset.
Creating register for signal `\vending_fsm.\sel_latched' using process `\vending_fsm.$proc$structural/vending_fsm.v:64$123'.
  created $adff cell `$procdff$720' with positive edge clock and negative level reset.
Creating register for signal `\vending_fsm.\init_counter' using process `\vending_fsm.$proc$structural/vending_fsm.v:50$118'.
  created $adff cell `$procdff$721' with positive edge clock and negative level reset.
Creating register for signal `\vending_fsm.\stato' using process `\vending_fsm.$proc$structural/vending_fsm.v:50$118'.
  created $adff cell `$procdff$722' with positive edge clock and negative level reset.
Creating register for signal `$paramod\RegistroPP\N=s32'00000000000000000000000000001010.\Q' using process `$paramod\RegistroPP\N=s32'00000000000000000000000000001010.$proc$structural/components.v:13$154'.
  created $adff cell `$procdff$723' with positive edge clock and negative level reset.

5.10. Executing PROC_MEMWR pass (convert process memory writes to cells).

5.11. Executing PROC_CLEAN pass (remove empty switches from decision trees).
Found and cleaned up 1 empty switch in `$paramod\RegistroPP\N=s32'00000000000000000000000000000010.$proc$structural/components.v:13$152'.
Removing empty process `$paramod\RegistroPP\N=s32'00000000000000000000000000000010.$proc$structural/components.v:13$152'.
Found and cleaned up 1 empty switch in `$paramod\RegistroPP\N=s32'00000000000000000000000000000001.$proc$structural/components.v:13$150'.
Removing empty process `$paramod\RegistroPP\N=s32'00000000000000000000000000000001.$proc$structural/components.v:13$150'.
Found and cleaned up 1 empty switch in `$paramod\RegistroPP\N=s32'00000000000000000000000000000110.$proc$structural/components.v:13$148'.
Removing empty process `$paramod\RegistroPP\N=s32'00000000000000000000000000000110.$proc$structural/components.v:13$148'.
Found and cleaned up 5 empty switches in `\GreedyLogic.$proc$structural/GreedyLogic.v:26$130'.
Removing empty process `GreedyLogic.$proc$structural/GreedyLogic.v:26$130'.
Found and cleaned up 8 empty switches in `\vending_fsm.$proc$structural/vending_fsm.v:73$125'.
Removing empty process `vending_fsm.$proc$structural/vending_fsm.v:73$125'.
Found and cleaned up 1 empty switch in `\vending_fsm.$proc$structural/vending_fsm.v:64$123'.
Removing empty process `vending_fsm.$proc$structural/vending_fsm.v:64$123'.
Found and cleaned up 2 empty switches in `\vending_fsm.$proc$structural/vending_fsm.v:50$118'.
Removing empty process `vending_fsm.$proc$structural/vending_fsm.v:50$118'.
Found and cleaned up 1 empty switch in `\vending_structural.$proc$structural/vending_structural.v:79$9'.
Removing empty process `vending_structural.$proc$structural/vending_structural.v:79$9'.
Found and cleaned up 1 empty switch in `$paramod\Mux4\N=s32'00000000000000000000000000000110.$proc$structural/components.v:72$161'.
Removing empty process `$paramod\Mux4\N=s32'00000000000000000000000000000110.$proc$structural/components.v:72$161'.
Found and cleaned up 1 empty switch in `$paramod\RegistroPP\N=s32'00000000000000000000000000001010.$proc$structural/components.v:13$154'.
Removing empty process `$paramod\RegistroPP\N=s32'00000000000000000000000000001010.$proc$structural/components.v:13$154'.
Cleaned up 22 empty switches.

5.12. Executing OPT_EXPR pass (perform const folding).
Optimizing module $paramod\RegistroPP\N=s32'00000000000000000000000000000010.
Optimizing module $paramod\RegistroPP\N=s32'00000000000000000000000000000001.
Optimizing module $paramod\RegistroPP\N=s32'00000000000000000000000000000110.
Optimizing module GreedyLogic.
Optimizing module vending_fsm.
<suppressed ~16 debug messages>
Optimizing module vending_structural.
<suppressed ~3 debug messages>
Optimizing module $paramod\Mux4\N=s32'00000000000000000000000000000110.
<suppressed ~1 debug messages>
Optimizing module $paramod\ComparatoreGE\N=s32'00000000000000000000000000000110.
Optimizing module $paramod\Sommatore\N=s32'00000000000000000000000000000110.
Optimizing module $paramod\Sommatore\N=s32'00000000000000000000000000001010.
Optimizing module $paramod\Sottrattore\N=s32'00000000000000000000000000000110.
Optimizing module $paramod\Sottrattore\N=s32'00000000000000000000000000001010.
Optimizing module $paramod\RegistroPP\N=s32'00000000000000000000000000001010.

6. Executing OPT pass (performing simple optimizations).

6.1. Executing OPT_EXPR pass (perform const folding).
Optimizing module $paramod\RegistroPP\N=s32'00000000000000000000000000000010.
Optimizing module $paramod\RegistroPP\N=s32'00000000000000000000000000000001.
Optimizing module $paramod\RegistroPP\N=s32'00000000000000000000000000000110.
Optimizing module GreedyLogic.
<suppressed ~5 debug messages>
Optimizing module vending_fsm.
Optimizing module vending_structural.
Optimizing module $paramod\Mux4\N=s32'00000000000000000000000000000110.
Optimizing module $paramod\ComparatoreGE\N=s32'00000000000000000000000000000110.
Optimizing module $paramod\Sommatore\N=s32'00000000000000000000000000000110.
Optimizing module $paramod\Sommatore\N=s32'00000000000000000000000000001010.
Optimizing module $paramod\Sottrattore\N=s32'00000000000000000000000000000110.
Optimizing module $paramod\Sottrattore\N=s32'00000000000000000000000000001010.
Optimizing module $paramod\RegistroPP\N=s32'00000000000000000000000000001010.

6.2. Executing OPT_MERGE pass (detect identical cells).
Finding identical cells in module `$paramod\RegistroPP\N=s32'00000000000000000000000000000010'.
Finding identical cells in module `$paramod\RegistroPP\N=s32'00000000000000000000000000000001'.
Finding identical cells in module `$paramod\RegistroPP\N=s32'00000000000000000000000000000110'.
Finding identical cells in module `\GreedyLogic'.
Finding identical cells in module `\vending_fsm'.
<suppressed ~255 debug messages>
Finding identical cells in module `\vending_structural'.
<suppressed ~9 debug messages>
Finding identical cells in module `$paramod\Mux4\N=s32'00000000000000000000000000000110'.
Finding identical cells in module `$paramod\ComparatoreGE\N=s32'00000000000000000000000000000110'.
Finding identical cells in module `$paramod\Sommatore\N=s32'00000000000000000000000000000110'.
Finding identical cells in module `$paramod\Sommatore\N=s32'00000000000000000000000000001010'.
Finding identical cells in module `$paramod\Sottrattore\N=s32'00000000000000000000000000000110'.
Finding identical cells in module `$paramod\Sottrattore\N=s32'00000000000000000000000000001010'.
Finding identical cells in module `$paramod\RegistroPP\N=s32'00000000000000000000000000001010'.
Removed a total of 88 cells.

6.3. Executing OPT_MUXTREE pass (detect dead branches in mux trees).
Running muxtree optimizer on module $paramod\RegistroPP\N=s32'00000000000000000000000000000010..
  Creating internal representation of mux trees.
  Evaluating internal representation of mux trees.
  Analyzing evaluation results.
Running muxtree optimizer on module $paramod\RegistroPP\N=s32'00000000000000000000000000000001..
  Creating internal representation of mux trees.
  Evaluating internal representation of mux trees.
  Analyzing evaluation results.
Running muxtree optimizer on module $paramod\RegistroPP\N=s32'00000000000000000000000000000110..
  Creating internal representation of mux trees.
  Evaluating internal representation of mux trees.
  Analyzing evaluation results.
Running muxtree optimizer on module \GreedyLogic..
  Creating internal representation of mux trees.
  Evaluating internal representation of mux trees.
  Analyzing evaluation results.
    dead port 1/2 on $mux $procmux$202.
    dead port 2/2 on $mux $procmux$202.
    dead port 1/2 on $mux $procmux$199.
    dead port 2/2 on $mux $procmux$199.
Running muxtree optimizer on module \vending_fsm..
  Creating internal representation of mux trees.
  Evaluating internal representation of mux trees.
  Analyzing evaluation results.
    dead port 2/2 on $mux $procmux$589.
    dead port 2/2 on $mux $procmux$583.
    dead port 2/2 on $mux $procmux$577.
    dead port 2/2 on $mux $procmux$571.
    dead port 2/2 on $mux $procmux$565.
    dead port 2/2 on $mux $procmux$559.
    dead port 1/2 on $mux $procmux$557.
    dead port 2/2 on $mux $procmux$550.
    dead port 1/2 on $mux $procmux$548.
    dead port 2/2 on $mux $procmux$541.
    dead port 1/2 on $mux $procmux$539.
    dead port 2/2 on $mux $procmux$532.
    dead port 1/2 on $mux $procmux$530.
    dead port 2/2 on $mux $procmux$523.
    dead port 1/2 on $mux $procmux$521.
    dead port 2/2 on $mux $procmux$514.
    dead port 1/2 on $mux $procmux$512.
    dead port 2/2 on $mux $procmux$505.
    dead port 1/2 on $mux $procmux$503.
    dead port 2/2 on $mux $procmux$496.
    dead port 1/2 on $mux $procmux$494.
    dead port 2/2 on $mux $procmux$487.
    dead port 1/2 on $mux $procmux$485.
    dead port 1/2 on $mux $procmux$482.
    dead port 2/2 on $mux $procmux$475.
    dead port 1/2 on $mux $procmux$473.
    dead port 1/2 on $mux $procmux$470.
    dead port 2/2 on $mux $procmux$463.
    dead port 2/2 on $mux $procmux$635.
    dead port 1/2 on $mux $procmux$461.
    dead port 1/2 on $mux $procmux$458.
    dead port 2/2 on $mux $procmux$451.
    dead port 1/2 on $mux $procmux$449.
    dead port 1/2 on $mux $procmux$446.
    dead port 2/2 on $mux $procmux$439.
    dead port 1/2 on $mux $procmux$437.
    dead port 1/2 on $mux $procmux$434.
    dead port 2/2 on $mux $procmux$427.
    dead port 2/2 on $mux $procmux$627.
    dead port 1/2 on $mux $procmux$425.
    dead port 1/2 on $mux $procmux$422.
    dead port 2/2 on $mux $procmux$415.
    dead port 1/2 on $mux $procmux$413.
    dead port 1/2 on $mux $procmux$410.
    dead port 2/2 on $mux $procmux$403.
    dead port 1/2 on $mux $procmux$401.
    dead port 1/2 on $mux $procmux$398.
    dead port 2/2 on $mux $procmux$395.
    dead port 2/2 on $mux $procmux$388.
    dead port 2/2 on $mux $procmux$620.
    dead port 1/2 on $mux $procmux$386.
    dead port 1/2 on $mux $procmux$383.
    dead port 2/2 on $mux $procmux$380.
    dead port 2/2 on $mux $procmux$373.
    dead port 1/2 on $mux $procmux$371.
    dead port 1/2 on $mux $procmux$368.
    dead port 2/2 on $mux $procmux$365.
    dead port 2/2 on $mux $procmux$358.
    dead port 1/2 on $mux $procmux$356.
    dead port 1/2 on $mux $procmux$353.
    dead port 2/2 on $mux $procmux$350.
    dead port 2/2 on $mux $procmux$343.
    dead port 2/2 on $mux $procmux$613.
    dead port 1/2 on $mux $procmux$341.
    dead port 1/2 on $mux $procmux$338.
    dead port 2/2 on $mux $procmux$335.
    dead port 2/2 on $mux $procmux$328.
    dead port 1/2 on $mux $procmux$326.
    dead port 1/2 on $mux $procmux$323.
    dead port 2/2 on $mux $procmux$320.
    dead port 2/2 on $mux $procmux$313.
    dead port 1/2 on $mux $procmux$311.
    dead port 1/2 on $mux $procmux$308.
    dead port 2/2 on $mux $procmux$305.
    dead port 2/2 on $mux $procmux$298.
    dead port 2/2 on $mux $procmux$607.
    dead port 1/2 on $mux $procmux$296.
    dead port 1/2 on $mux $procmux$293.
    dead port 2/2 on $mux $procmux$290.
    dead port 2/2 on $mux $procmux$288.
    dead port 2/2 on $mux $procmux$278.
    dead port 1/2 on $mux $procmux$276.
    dead port 1/2 on $mux $procmux$273.
    dead port 2/2 on $mux $procmux$270.
    dead port 2/2 on $mux $procmux$268.
    dead port 2/2 on $mux $procmux$259.
    dead port 1/2 on $mux $procmux$257.
    dead port 1/2 on $mux $procmux$254.
    dead port 2/2 on $mux $procmux$251.
    dead port 2/2 on $mux $procmux$249.
    dead port 2/2 on $mux $procmux$241.
    dead port 2/2 on $mux $procmux$601.
    dead port 1/2 on $mux $procmux$239.
    dead port 1/2 on $mux $procmux$236.
    dead port 2/2 on $mux $procmux$233.
    dead port 2/2 on $mux $procmux$231.
    dead port 2/2 on $mux $procmux$595.
Running muxtree optimizer on module \vending_structural..
  Creating internal representation of mux trees.
  Evaluating internal representation of mux trees.
  Analyzing evaluation results.
Running muxtree optimizer on module $paramod\Mux4\N=s32'00000000000000000000000000000110..
  Creating internal representation of mux trees.
  Evaluating internal representation of mux trees.
  Analyzing evaluation results.
Running muxtree optimizer on module $paramod\ComparatoreGE\N=s32'00000000000000000000000000000110..
  Creating internal representation of mux trees.
  No muxes found in this module.
Running muxtree optimizer on module $paramod\Sommatore\N=s32'00000000000000000000000000000110..
  Creating internal representation of mux trees.
  No muxes found in this module.
Running muxtree optimizer on module $paramod\Sommatore\N=s32'00000000000000000000000000001010..
  Creating internal representation of mux trees.
  No muxes found in this module.
Running muxtree optimizer on module $paramod\Sottrattore\N=s32'00000000000000000000000000000110..
  Creating internal representation of mux trees.
  No muxes found in this module.
Running muxtree optimizer on module $paramod\Sottrattore\N=s32'00000000000000000000000000001010..
  Creating internal representation of mux trees.
  No muxes found in this module.
Running muxtree optimizer on module $paramod\RegistroPP\N=s32'00000000000000000000000000001010..
  Creating internal representation of mux trees.
  Evaluating internal representation of mux trees.
  Analyzing evaluation results.
Removed 101 multiplexer ports.
<suppressed ~57 debug messages>

6.4. Executing OPT_REDUCE pass (consolidate $*mux and $reduce_* inputs).
  Optimizing cells in module $paramod\RegistroPP\N=s32'00000000000000000000000000000010.
  Optimizing cells in module $paramod\RegistroPP\N=s32'00000000000000000000000000000001.
  Optimizing cells in module $paramod\RegistroPP\N=s32'00000000000000000000000000000110.
  Optimizing cells in module \GreedyLogic.
  Optimizing cells in module \vending_fsm.
    New ctrl vector for $pmux cell $procmux$687: { $procmux$694_CMP $auto$opt_reduce.cc:134:opt_pmux$725 }
    New ctrl vector for $pmux cell $procmux$667: { $procmux$695_CMP $procmux$694_CMP $auto$opt_reduce.cc:134:opt_pmux$727 }
    New ctrl vector for $pmux cell $procmux$692: { $procmux$694_CMP $auto$opt_reduce.cc:134:opt_pmux$729 }
    New ctrl vector for $pmux cell $procmux$642: { $procmux$696_CMP $auto$opt_reduce.cc:134:opt_pmux$731 }
    New ctrl vector for $pmux cell $procmux$647: { $auto$opt_reduce.cc:134:opt_pmux$733 $procmux$693_CMP }
    New ctrl vector for $pmux cell $procmux$657: { $procmux$694_CMP $auto$opt_reduce.cc:134:opt_pmux$735 }
    New ctrl vector for $pmux cell $procmux$672: { $procmux$695_CMP $auto$opt_reduce.cc:134:opt_pmux$737 }
    New ctrl vector for $pmux cell $procmux$662: { $procmux$694_CMP $auto$opt_reduce.cc:134:opt_pmux$739 }
    New ctrl vector for $pmux cell $procmux$682: { $procmux$694_CMP $auto$opt_reduce.cc:134:opt_pmux$741 }
    New ctrl vector for $pmux cell $procmux$677: { $procmux$694_CMP $auto$opt_reduce.cc:134:opt_pmux$743 }
    New ctrl vector for $pmux cell $procmux$652: { $procmux$694_CMP $auto$opt_reduce.cc:134:opt_pmux$745 }
  Optimizing cells in module \vending_fsm.
  Optimizing cells in module \vending_structural.
  Optimizing cells in module $paramod\Mux4\N=s32'00000000000000000000000000000110.
  Optimizing cells in module $paramod\ComparatoreGE\N=s32'00000000000000000000000000000110.
  Optimizing cells in module $paramod\Sommatore\N=s32'00000000000000000000000000000110.
  Optimizing cells in module $paramod\Sommatore\N=s32'00000000000000000000000000001010.
  Optimizing cells in module $paramod\Sottrattore\N=s32'00000000000000000000000000000110.
  Optimizing cells in module $paramod\Sottrattore\N=s32'00000000000000000000000000001010.
  Optimizing cells in module $paramod\RegistroPP\N=s32'00000000000000000000000000001010.
Performed a total of 11 changes.

6.5. Executing OPT_MERGE pass (detect identical cells).
Finding identical cells in module `$paramod\RegistroPP\N=s32'00000000000000000000000000000010'.
Finding identical cells in module `$paramod\RegistroPP\N=s32'00000000000000000000000000000001'.
Finding identical cells in module `$paramod\RegistroPP\N=s32'00000000000000000000000000000110'.
Finding identical cells in module `\GreedyLogic'.
Finding identical cells in module `\vending_fsm'.
<suppressed ~21 debug messages>
Finding identical cells in module `\vending_structural'.
Finding identical cells in module `$paramod\Mux4\N=s32'00000000000000000000000000000110'.
Finding identical cells in module `$paramod\ComparatoreGE\N=s32'00000000000000000000000000000110'.
Finding identical cells in module `$paramod\Sommatore\N=s32'00000000000000000000000000000110'.
Finding identical cells in module `$paramod\Sommatore\N=s32'00000000000000000000000000001010'.
Finding identical cells in module `$paramod\Sottrattore\N=s32'00000000000000000000000000000110'.
Finding identical cells in module `$paramod\Sottrattore\N=s32'00000000000000000000000000001010'.
Finding identical cells in module `$paramod\RegistroPP\N=s32'00000000000000000000000000001010'.
Removed a total of 7 cells.

6.6. Executing OPT_DFF pass (perform DFF optimizations).
Adding EN signal on $procdff$717 ($adff) from module $paramod\RegistroPP\N=s32'00000000000000000000000000000010 (D = \D, Q = \Q).
Adding EN signal on $procdff$718 ($adff) from module $paramod\RegistroPP\N=s32'00000000000000000000000000000001 (D = \D, Q = \Q).
Adding EN signal on $procdff$719 ($adff) from module $paramod\RegistroPP\N=s32'00000000000000000000000000000110 (D = \D, Q = \Q).
Adding EN signal on $procdff$720 ($adff) from module vending_fsm (D = \selezione, Q = \sel_latched).
Adding EN signal on $procdff$721 ($adff) from module vending_fsm (D = $procmux$700_Y, Q = \init_counter).
Adding EN signal on $procdff$723 ($adff) from module $paramod\RegistroPP\N=s32'00000000000000000000000000001010 (D = \D, Q = \Q).

6.7. Executing OPT_CLEAN pass (remove unused cells and wires).
Finding unused cells or wires in module $paramod\RegistroPP\N=s32'00000000000000000000000000000010..
Finding unused cells or wires in module $paramod\RegistroPP\N=s32'00000000000000000000000000000001..
Finding unused cells or wires in module $paramod\RegistroPP\N=s32'00000000000000000000000000000110..
Finding unused cells or wires in module \GreedyLogic..
Finding unused cells or wires in module \vending_fsm..
Finding unused cells or wires in module \vending_structural..
Finding unused cells or wires in module $paramod\Mux4\N=s32'00000000000000000000000000000110..
Finding unused cells or wires in module $paramod\ComparatoreGE\N=s32'00000000000000000000000000000110..
Finding unused cells or wires in module $paramod\Sommatore\N=s32'00000000000000000000000000000110..
Finding unused cells or wires in module $paramod\Sommatore\N=s32'00000000000000000000000000001010..
Finding unused cells or wires in module $paramod\Sottrattore\N=s32'00000000000000000000000000000110..
Finding unused cells or wires in module $paramod\Sottrattore\N=s32'00000000000000000000000000001010..
Finding unused cells or wires in module $paramod\RegistroPP\N=s32'00000000000000000000000000001010..
Removed 11 unused cells and 515 unused wires.
<suppressed ~26 debug messages>

6.8. Executing OPT_EXPR pass (perform const folding).
Optimizing module $paramod\ComparatoreGE\N=s32'00000000000000000000000000000110.
Optimizing module $paramod\Mux4\N=s32'00000000000000000000000000000110.
Optimizing module $paramod\RegistroPP\N=s32'00000000000000000000000000000001.
Optimizing module $paramod\RegistroPP\N=s32'00000000000000000000000000000010.
Optimizing module $paramod\RegistroPP\N=s32'00000000000000000000000000000110.
Optimizing module $paramod\RegistroPP\N=s32'00000000000000000000000000001010.
Optimizing module $paramod\Sommatore\N=s32'00000000000000000000000000000110.
Optimizing module $paramod\Sommatore\N=s32'00000000000000000000000000001010.
Optimizing module $paramod\Sottrattore\N=s32'00000000000000000000000000000110.
Optimizing module $paramod\Sottrattore\N=s32'00000000000000000000000000001010.
Optimizing module GreedyLogic.
Optimizing module vending_fsm.
Optimizing module vending_structural.

6.9. Rerunning OPT passes. (Maybe there is more to do..)

6.10. Executing OPT_MUXTREE pass (detect dead branches in mux trees).
Running muxtree optimizer on module $paramod\ComparatoreGE\N=s32'00000000000000000000000000000110..
  Creating internal representation of mux trees.
  No muxes found in this module.
Running muxtree optimizer on module $paramod\Mux4\N=s32'00000000000000000000000000000110..
  Creating internal representation of mux trees.
  Evaluating internal representation of mux trees.
  Analyzing evaluation results.
Running muxtree optimizer on module $paramod\RegistroPP\N=s32'00000000000000000000000000000001..
  Creating internal representation of mux trees.
  No muxes found in this module.
Running muxtree optimizer on module $paramod\RegistroPP\N=s32'00000000000000000000000000000010..
  Creating internal representation of mux trees.
  No muxes found in this module.
Running muxtree optimizer on module $paramod\RegistroPP\N=s32'00000000000000000000000000000110..
  Creating internal representation of mux trees.
  No muxes found in this module.
Running muxtree optimizer on module $paramod\RegistroPP\N=s32'00000000000000000000000000001010..
  Creating internal representation of mux trees.
  No muxes found in this module.
Running muxtree optimizer on module $paramod\Sommatore\N=s32'00000000000000000000000000000110..
  Creating internal representation of mux trees.
  No muxes found in this module.
Running muxtree optimizer on module $paramod\Sommatore\N=s32'00000000000000000000000000001010..
  Creating internal representation of mux trees.
  No muxes found in this module.
Running muxtree optimizer on module $paramod\Sottrattore\N=s32'00000000000000000000000000000110..
  Creating internal representation of mux trees.
  No muxes found in this module.
Running muxtree optimizer on module $paramod\Sottrattore\N=s32'00000000000000000000000000001010..
  Creating internal representation of mux trees.
  No muxes found in this module.
Running muxtree optimizer on module \GreedyLogic..
  Creating internal representation of mux trees.
  Evaluating internal representation of mux trees.
  Analyzing evaluation results.
Running muxtree optimizer on module \vending_fsm..
  Creating internal representation of mux trees.
  Evaluating internal representation of mux trees.
  Analyzing evaluation results.
Running muxtree optimizer on module \vending_structural..
  Creating internal representation of mux trees.
  Evaluating internal representation of mux trees.
  Analyzing evaluation results.
Removed 0 multiplexer ports.
<suppressed ~52 debug messages>

6.11. Executing OPT_REDUCE pass (consolidate $*mux and $reduce_* inputs).
  Optimizing cells in module $paramod\ComparatoreGE\N=s32'00000000000000000000000000000110.
  Optimizing cells in module $paramod\Mux4\N=s32'00000000000000000000000000000110.
  Optimizing cells in module $paramod\RegistroPP\N=s32'00000000000000000000000000000001.
  Optimizing cells in module $paramod\RegistroPP\N=s32'00000000000000000000000000000010.
  Optimizing cells in module $paramod\RegistroPP\N=s32'00000000000000000000000000000110.
  Optimizing cells in module $paramod\RegistroPP\N=s32'00000000000000000000000000001010.
  Optimizing cells in module $paramod\Sommatore\N=s32'00000000000000000000000000000110.
  Optimizing cells in module $paramod\Sommatore\N=s32'00000000000000000000000000001010.
  Optimizing cells in module $paramod\Sottrattore\N=s32'00000000000000000000000000000110.
  Optimizing cells in module $paramod\Sottrattore\N=s32'00000000000000000000000000001010.
  Optimizing cells in module \GreedyLogic.
  Optimizing cells in module \vending_fsm.
    New ctrl vector for $pmux cell $procmux$667: { $auto$opt_reduce.cc:134:opt_pmux$753 $auto$opt_reduce.cc:134:opt_pmux$727 }
  Optimizing cells in module \vending_fsm.
  Optimizing cells in module \vending_structural.
Performed a total of 1 changes.

6.12. Executing OPT_MERGE pass (detect identical cells).
Finding identical cells in module `$paramod\ComparatoreGE\N=s32'00000000000000000000000000000110'.
Finding identical cells in module `$paramod\Mux4\N=s32'00000000000000000000000000000110'.
Finding identical cells in module `$paramod\RegistroPP\N=s32'00000000000000000000000000000001'.
Finding identical cells in module `$paramod\RegistroPP\N=s32'00000000000000000000000000000010'.
Finding identical cells in module `$paramod\RegistroPP\N=s32'00000000000000000000000000000110'.
Finding identical cells in module `$paramod\RegistroPP\N=s32'00000000000000000000000000001010'.
Finding identical cells in module `$paramod\Sommatore\N=s32'00000000000000000000000000000110'.
Finding identical cells in module `$paramod\Sommatore\N=s32'00000000000000000000000000001010'.
Finding identical cells in module `$paramod\Sottrattore\N=s32'00000000000000000000000000000110'.
Finding identical cells in module `$paramod\Sottrattore\N=s32'00000000000000000000000000001010'.
Finding identical cells in module `\GreedyLogic'.
Finding identical cells in module `\vending_fsm'.
Finding identical cells in module `\vending_structural'.
Removed a total of 0 cells.

6.13. Executing OPT_DFF pass (perform DFF optimizations).

6.14. Executing OPT_CLEAN pass (remove unused cells and wires).
Finding unused cells or wires in module $paramod\ComparatoreGE\N=s32'00000000000000000000000000000110..
Finding unused cells or wires in module $paramod\Mux4\N=s32'00000000000000000000000000000110..
Finding unused cells or wires in module $paramod\RegistroPP\N=s32'00000000000000000000000000000001..
Finding unused cells or wires in module $paramod\RegistroPP\N=s32'00000000000000000000000000000010..
Finding unused cells or wires in module $paramod\RegistroPP\N=s32'00000000000000000000000000000110..
Finding unused cells or wires in module $paramod\RegistroPP\N=s32'00000000000000000000000000001010..
Finding unused cells or wires in module $paramod\Sommatore\N=s32'00000000000000000000000000000110..
Finding unused cells or wires in module $paramod\Sommatore\N=s32'00000000000000000000000000001010..
Finding unused cells or wires in module $paramod\Sottrattore\N=s32'00000000000000000000000000000110..
Finding unused cells or wires in module $paramod\Sottrattore\N=s32'00000000000000000000000000001010..
Finding unused cells or wires in module \GreedyLogic..
Finding unused cells or wires in module \vending_fsm..
Finding unused cells or wires in module \vending_structural..

6.15. Executing OPT_EXPR pass (perform const folding).
Optimizing module $paramod\ComparatoreGE\N=s32'00000000000000000000000000000110.
Optimizing module $paramod\Mux4\N=s32'00000000000000000000000000000110.
Optimizing module $paramod\RegistroPP\N=s32'00000000000000000000000000000001.
Optimizing module $paramod\RegistroPP\N=s32'00000000000000000000000000000010.
Optimizing module $paramod\RegistroPP\N=s32'00000000000000000000000000000110.
Optimizing module $paramod\RegistroPP\N=s32'00000000000000000000000000001010.
Optimizing module $paramod\Sommatore\N=s32'00000000000000000000000000000110.
Optimizing module $paramod\Sommatore\N=s32'00000000000000000000000000001010.
Optimizing module $paramod\Sottrattore\N=s32'00000000000000000000000000000110.
Optimizing module $paramod\Sottrattore\N=s32'00000000000000000000000000001010.
Optimizing module GreedyLogic.
Optimizing module vending_fsm.
Optimizing module vending_structural.

6.16. Rerunning OPT passes. (Maybe there is more to do..)

6.17. Executing OPT_MUXTREE pass (detect dead branches in mux trees).
Running muxtree optimizer on module $paramod\ComparatoreGE\N=s32'00000000000000000000000000000110..
  Creating internal representation of mux trees.
  No muxes found in this module.
Running muxtree optimizer on module $paramod\Mux4\N=s32'00000000000000000000000000000110..
  Creating internal representation of mux trees.
  Evaluating internal representation of mux trees.
  Analyzing evaluation results.
Running muxtree optimizer on module $paramod\RegistroPP\N=s32'00000000000000000000000000000001..
  Creating internal representation of mux trees.
  No muxes found in this module.
Running muxtree optimizer on module $paramod\RegistroPP\N=s32'00000000000000000000000000000010..
  Creating internal representation of mux trees.
  No muxes found in this module.
Running muxtree optimizer on module $paramod\RegistroPP\N=s32'00000000000000000000000000000110..
  Creating internal representation of mux trees.
  No muxes found in this module.
Running muxtree optimizer on module $paramod\RegistroPP\N=s32'00000000000000000000000000001010..
  Creating internal representation of mux trees.
  No muxes found in this module.
Running muxtree optimizer on module $paramod\Sommatore\N=s32'00000000000000000000000000000110..
  Creating internal representation of mux trees.
  No muxes found in this module.
Running muxtree optimizer on module $paramod\Sommatore\N=s32'00000000000000000000000000001010..
  Creating internal representation of mux trees.
  No muxes found in this module.
Running muxtree optimizer on module $paramod\Sottrattore\N=s32'00000000000000000000000000000110..
  Creating internal representation of mux trees.
  No muxes found in this module.
Running muxtree optimizer on module $paramod\Sottrattore\N=s32'00000000000000000000000000001010..
  Creating internal representation of mux trees.
  No muxes found in this module.
Running muxtree optimizer on module \GreedyLogic..
  Creating internal representation of mux trees.
  Evaluating internal representation of mux trees.
  Analyzing evaluation results.
Running muxtree optimizer on module \vending_fsm..
  Creating internal representation of mux trees.
  Evaluating internal representation of mux trees.
  Analyzing evaluation results.
Running muxtree optimizer on module \vending_structural..
  Creating internal representation of mux trees.
  Evaluating internal representation of mux trees.
  Analyzing evaluation results.
Removed 0 multiplexer ports.
<suppressed ~52 debug messages>

6.18. Executing OPT_REDUCE pass (consolidate $*mux and $reduce_* inputs).
  Optimizing cells in module $paramod\ComparatoreGE\N=s32'00000000000000000000000000000110.
  Optimizing cells in module $paramod\Mux4\N=s32'00000000000000000000000000000110.
  Optimizing cells in module $paramod\RegistroPP\N=s32'00000000000000000000000000000001.
  Optimizing cells in module $paramod\RegistroPP\N=s32'00000000000000000000000000000010.
  Optimizing cells in module $paramod\RegistroPP\N=s32'00000000000000000000000000000110.
  Optimizing cells in module $paramod\RegistroPP\N=s32'00000000000000000000000000001010.
  Optimizing cells in module $paramod\Sommatore\N=s32'00000000000000000000000000000110.
  Optimizing cells in module $paramod\Sommatore\N=s32'00000000000000000000000000001010.
  Optimizing cells in module $paramod\Sottrattore\N=s32'00000000000000000000000000000110.
  Optimizing cells in module $paramod\Sottrattore\N=s32'00000000000000000000000000001010.
  Optimizing cells in module \GreedyLogic.
  Optimizing cells in module \vending_fsm.
  Optimizing cells in module \vending_structural.
Performed a total of 0 changes.

6.19. Executing OPT_MERGE pass (detect identical cells).
Finding identical cells in module `$paramod\ComparatoreGE\N=s32'00000000000000000000000000000110'.
Finding identical cells in module `$paramod\Mux4\N=s32'00000000000000000000000000000110'.
Finding identical cells in module `$paramod\RegistroPP\N=s32'00000000000000000000000000000001'.
Finding identical cells in module `$paramod\RegistroPP\N=s32'00000000000000000000000000000010'.
Finding identical cells in module `$paramod\RegistroPP\N=s32'00000000000000000000000000000110'.
Finding identical cells in module `$paramod\RegistroPP\N=s32'00000000000000000000000000001010'.
Finding identical cells in module `$paramod\Sommatore\N=s32'00000000000000000000000000000110'.
Finding identical cells in module `$paramod\Sommatore\N=s32'00000000000000000000000000001010'.
Finding identical cells in module `$paramod\Sottrattore\N=s32'00000000000000000000000000000110'.
Finding identical cells in module `$paramod\Sottrattore\N=s32'00000000000000000000000000001010'.
Finding identical cells in module `\GreedyLogic'.
Finding identical cells in module `\vending_fsm'.
Finding identical cells in module `\vending_structural'.
Removed a total of 0 cells.

6.20. Executing OPT_DFF pass (perform DFF optimizations).

6.21. Executing OPT_CLEAN pass (remove unused cells and wires).
Finding unused cells or wires in module $paramod\ComparatoreGE\N=s32'00000000000000000000000000000110..
Finding unused cells or wires in module $paramod\Mux4\N=s32'00000000000000000000000000000110..
Finding unused cells or wires in module $paramod\RegistroPP\N=s32'00000000000000000000000000000001..
Finding unused cells or wires in module $paramod\RegistroPP\N=s32'00000000000000000000000000000010..
Finding unused cells or wires in module $paramod\RegistroPP\N=s32'00000000000000000000000000000110..
Finding unused cells or wires in module $paramod\RegistroPP\N=s32'00000000000000000000000000001010..
Finding unused cells or wires in module $paramod\Sommatore\N=s32'00000000000000000000000000000110..
Finding unused cells or wires in module $paramod\Sommatore\N=s32'00000000000000000000000000001010..
Finding unused cells or wires in module $paramod\Sottrattore\N=s32'00000000000000000000000000000110..
Finding unused cells or wires in module $paramod\Sottrattore\N=s32'00000000000000000000000000001010..
Finding unused cells or wires in module \GreedyLogic..
Finding unused cells or wires in module \vending_fsm..
Finding unused cells or wires in module \vending_structural..

6.22. Executing OPT_EXPR pass (perform const folding).
Optimizing module $paramod\ComparatoreGE\N=s32'00000000000000000000000000000110.
Optimizing module $paramod\Mux4\N=s32'00000000000000000000000000000110.
Optimizing module $paramod\RegistroPP\N=s32'00000000000000000000000000000001.
Optimizing module $paramod\RegistroPP\N=s32'00000000000000000000000000000010.
Optimizing module $paramod\RegistroPP\N=s32'00000000000000000000000000000110.
Optimizing module $paramod\RegistroPP\N=s32'00000000000000000000000000001010.
Optimizing module $paramod\Sommatore\N=s32'00000000000000000000000000000110.
Optimizing module $paramod\Sommatore\N=s32'00000000000000000000000000001010.
Optimizing module $paramod\Sottrattore\N=s32'00000000000000000000000000000110.
Optimizing module $paramod\Sottrattore\N=s32'00000000000000000000000000001010.
Optimizing module GreedyLogic.
Optimizing module vending_fsm.
Optimizing module vending_structural.

6.23. Finished OPT passes. (There is nothing left to do.)

7. Executing FSM pass (extract and optimize FSM).

7.1. Executing FSM_DETECT pass (finding FSMs in design).
Not marking vending_fsm.stato as FSM state register:
    Circuit seems to be self-resetting.

7.2. Executing FSM_EXTRACT pass (extracting FSM from design).

7.3. Executing FSM_OPT pass (simple optimizations of FSMs).

7.4. Executing OPT_CLEAN pass (remove unused cells and wires).
Finding unused cells or wires in module $paramod\ComparatoreGE\N=s32'00000000000000000000000000000110..
Finding unused cells or wires in module $paramod\Mux4\N=s32'00000000000000000000000000000110..
Finding unused cells or wires in module $paramod\RegistroPP\N=s32'00000000000000000000000000000001..
Finding unused cells or wires in module $paramod\RegistroPP\N=s32'00000000000000000000000000000010..
Finding unused cells or wires in module $paramod\RegistroPP\N=s32'00000000000000000000000000000110..
Finding unused cells or wires in module $paramod\RegistroPP\N=s32'00000000000000000000000000001010..
Finding unused cells or wires in module $paramod\Sommatore\N=s32'00000000000000000000000000000110..
Finding unused cells or wires in module $paramod\Sommatore\N=s32'00000000000000000000000000001010..
Finding unused cells or wires in module $paramod\Sottrattore\N=s32'00000000000000000000000000000110..
Finding unused cells or wires in module $paramod\Sottrattore\N=s32'00000000000000000000000000001010..
Finding unused cells or wires in module \GreedyLogic..
Finding unused cells or wires in module \vending_fsm..
Finding unused cells or wires in module \vending_structural..

7.5. Executing FSM_OPT pass (simple optimizations of FSMs).

7.6. Executing FSM_RECODE pass (re-assigning FSM state encoding).

7.7. Executing FSM_INFO pass (dumping all available information on FSM cells).

7.8. Executing FSM_MAP pass (mapping FSMs to basic logic).

8. Executing OPT pass (performing simple optimizations).

8.1. Executing OPT_EXPR pass (perform const folding).
Optimizing module $paramod\ComparatoreGE\N=s32'00000000000000000000000000000110.
Optimizing module $paramod\Mux4\N=s32'00000000000000000000000000000110.
Optimizing module $paramod\RegistroPP\N=s32'00000000000000000000000000000001.
Optimizing module $paramod\RegistroPP\N=s32'00000000000000000000000000000010.
Optimizing module $paramod\RegistroPP\N=s32'00000000000000000000000000000110.
Optimizing module $paramod\RegistroPP\N=s32'00000000000000000000000000001010.
Optimizing module $paramod\Sommatore\N=s32'00000000000000000000000000000110.
Optimizing module $paramod\Sommatore\N=s32'00000000000000000000000000001010.
Optimizing module $paramod\Sottrattore\N=s32'00000000000000000000000000000110.
Optimizing module $paramod\Sottrattore\N=s32'00000000000000000000000000001010.
Optimizing module GreedyLogic.
Optimizing module vending_fsm.
Optimizing module vending_structural.

8.2. Executing OPT_MERGE pass (detect identical cells).
Finding identical cells in module `$paramod\ComparatoreGE\N=s32'00000000000000000000000000000110'.
Finding identical cells in module `$paramod\Mux4\N=s32'00000000000000000000000000000110'.
Finding identical cells in module `$paramod\RegistroPP\N=s32'00000000000000000000000000000001'.
Finding identical cells in module `$paramod\RegistroPP\N=s32'00000000000000000000000000000010'.
Finding identical cells in module `$paramod\RegistroPP\N=s32'00000000000000000000000000000110'.
Finding identical cells in module `$paramod\RegistroPP\N=s32'00000000000000000000000000001010'.
Finding identical cells in module `$paramod\Sommatore\N=s32'00000000000000000000000000000110'.
Finding identical cells in module `$paramod\Sommatore\N=s32'00000000000000000000000000001010'.
Finding identical cells in module `$paramod\Sottrattore\N=s32'00000000000000000000000000000110'.
Finding identical cells in module `$paramod\Sottrattore\N=s32'00000000000000000000000000001010'.
Finding identical cells in module `\GreedyLogic'.
Finding identical cells in module `\vending_fsm'.
Finding identical cells in module `\vending_structural'.
Removed a total of 0 cells.

8.3. Executing OPT_MUXTREE pass (detect dead branches in mux trees).
Running muxtree optimizer on module $paramod\ComparatoreGE\N=s32'00000000000000000000000000000110..
  Creating internal representation of mux trees.
  No muxes found in this module.
Running muxtree optimizer on module $paramod\Mux4\N=s32'00000000000000000000000000000110..
  Creating internal representation of mux trees.
  Evaluating internal representation of mux trees.
  Analyzing evaluation results.
Running muxtree optimizer on module $paramod\RegistroPP\N=s32'00000000000000000000000000000001..
  Creating internal representation of mux trees.
  No muxes found in this module.
Running muxtree optimizer on module $paramod\RegistroPP\N=s32'00000000000000000000000000000010..
  Creating internal representation of mux trees.
  No muxes found in this module.
Running muxtree optimizer on module $paramod\RegistroPP\N=s32'00000000000000000000000000000110..
  Creating internal representation of mux trees.
  No muxes found in this module.
Running muxtree optimizer on module $paramod\RegistroPP\N=s32'00000000000000000000000000001010..
  Creating internal representation of mux trees.
  No muxes found in this module.
Running muxtree optimizer on module $paramod\Sommatore\N=s32'00000000000000000000000000000110..
  Creating internal representation of mux trees.
  No muxes found in this module.
Running muxtree optimizer on module $paramod\Sommatore\N=s32'00000000000000000000000000001010..
  Creating internal representation of mux trees.
  No muxes found in this module.
Running muxtree optimizer on module $paramod\Sottrattore\N=s32'00000000000000000000000000000110..
  Creating internal representation of mux trees.
  No muxes found in this module.
Running muxtree optimizer on module $paramod\Sottrattore\N=s32'00000000000000000000000000001010..
  Creating internal representation of mux trees.
  No muxes found in this module.
Running muxtree optimizer on module \GreedyLogic..
  Creating internal representation of mux trees.
  Evaluating internal representation of mux trees.
  Analyzing evaluation results.
Running muxtree optimizer on module \vending_fsm..
  Creating internal representation of mux trees.
  Evaluating internal representation of mux trees.
  Analyzing evaluation results.
Running muxtree optimizer on module \vending_structural..
  Creating internal representation of mux trees.
  Evaluating internal representation of mux trees.
  Analyzing evaluation results.
Removed 0 multiplexer ports.
<suppressed ~52 debug messages>

8.4. Executing OPT_REDUCE pass (consolidate $*mux and $reduce_* inputs).
  Optimizing cells in module $paramod\ComparatoreGE\N=s32'00000000000000000000000000000110.
  Optimizing cells in module $paramod\Mux4\N=s32'00000000000000000000000000000110.
  Optimizing cells in module $paramod\RegistroPP\N=s32'00000000000000000000000000000001.
  Optimizing cells in module $paramod\RegistroPP\N=s32'00000000000000000000000000000010.
  Optimizing cells in module $paramod\RegistroPP\N=s32'00000000000000000000000000000110.
  Optimizing cells in module $paramod\RegistroPP\N=s32'00000000000000000000000000001010.
  Optimizing cells in module $paramod\Sommatore\N=s32'00000000000000000000000000000110.
  Optimizing cells in module $paramod\Sommatore\N=s32'00000000000000000000000000001010.
  Optimizing cells in module $paramod\Sottrattore\N=s32'00000000000000000000000000000110.
  Optimizing cells in module $paramod\Sottrattore\N=s32'00000000000000000000000000001010.
  Optimizing cells in module \GreedyLogic.
  Optimizing cells in module \vending_fsm.
  Optimizing cells in module \vending_structural.
Performed a total of 0 changes.

8.5. Executing OPT_MERGE pass (detect identical cells).
Finding identical cells in module `$paramod\ComparatoreGE\N=s32'00000000000000000000000000000110'.
Finding identical cells in module `$paramod\Mux4\N=s32'00000000000000000000000000000110'.
Finding identical cells in module `$paramod\RegistroPP\N=s32'00000000000000000000000000000001'.
Finding identical cells in module `$paramod\RegistroPP\N=s32'00000000000000000000000000000010'.
Finding identical cells in module `$paramod\RegistroPP\N=s32'00000000000000000000000000000110'.
Finding identical cells in module `$paramod\RegistroPP\N=s32'00000000000000000000000000001010'.
Finding identical cells in module `$paramod\Sommatore\N=s32'00000000000000000000000000000110'.
Finding identical cells in module `$paramod\Sommatore\N=s32'00000000000000000000000000001010'.
Finding identical cells in module `$paramod\Sottrattore\N=s32'00000000000000000000000000000110'.
Finding identical cells in module `$paramod\Sottrattore\N=s32'00000000000000000000000000001010'.
Finding identical cells in module `\GreedyLogic'.
Finding identical cells in module `\vending_fsm'.
Finding identical cells in module `\vending_structural'.
Removed a total of 0 cells.

8.6. Executing OPT_DFF pass (perform DFF optimizations).

8.7. Executing OPT_CLEAN pass (remove unused cells and wires).
Finding unused cells or wires in module $paramod\ComparatoreGE\N=s32'00000000000000000000000000000110..
Finding unused cells or wires in module $paramod\Mux4\N=s32'00000000000000000000000000000110..
Finding unused cells or wires in module $paramod\RegistroPP\N=s32'00000000000000000000000000000001..
Finding unused cells or wires in module $paramod\RegistroPP\N=s32'00000000000000000000000000000010..
Finding unused cells or wires in module $paramod\RegistroPP\N=s32'00000000000000000000000000000110..
Finding unused cells or wires in module $paramod\RegistroPP\N=s32'00000000000000000000000000001010..
Finding unused cells or wires in module $paramod\Sommatore\N=s32'00000000000000000000000000000110..
Finding unused cells or wires in module $paramod\Sommatore\N=s32'00000000000000000000000000001010..
Finding unused cells or wires in module $paramod\Sottrattore\N=s32'00000000000000000000000000000110..
Finding unused cells or wires in module $paramod\Sottrattore\N=s32'00000000000000000000000000001010..
Finding unused cells or wires in module \GreedyLogic..
Finding unused cells or wires in module \vending_fsm..
Finding unused cells or wires in module \vending_structural..

8.8. Executing OPT_EXPR pass (perform const folding).
Optimizing module $paramod\ComparatoreGE\N=s32'00000000000000000000000000000110.
Optimizing module $paramod\Mux4\N=s32'00000000000000000000000000000110.
Optimizing module $paramod\RegistroPP\N=s32'00000000000000000000000000000001.
Optimizing module $paramod\RegistroPP\N=s32'00000000000000000000000000000010.
Optimizing module $paramod\RegistroPP\N=s32'00000000000000000000000000000110.
Optimizing module $paramod\RegistroPP\N=s32'00000000000000000000000000001010.
Optimizing module $paramod\Sommatore\N=s32'00000000000000000000000000000110.
Optimizing module $paramod\Sommatore\N=s32'00000000000000000000000000001010.
Optimizing module $paramod\Sottrattore\N=s32'00000000000000000000000000000110.
Optimizing module $paramod\Sottrattore\N=s32'00000000000000000000000000001010.
Optimizing module GreedyLogic.
Optimizing module vending_fsm.
Optimizing module vending_structural.

8.9. Finished OPT passes. (There is nothing left to do.)

9. Executing MEMORY pass.

9.1. Executing OPT_MEM pass (optimize memories).
Performed a total of 0 transformations.

9.2. Executing OPT_MEM_PRIORITY pass (removing unnecessary memory write priority relations).
Performed a total of 0 transformations.

9.3. Executing OPT_MEM_FEEDBACK pass (finding memory read-to-write feedback paths).

9.4. Executing MEMORY_BMUX2ROM pass (converting muxes to ROMs).

9.5. Executing MEMORY_DFF pass (merging $dff cells to $memrd).

9.6. Executing OPT_CLEAN pass (remove unused cells and wires).
Finding unused cells or wires in module $paramod\ComparatoreGE\N=s32'00000000000000000000000000000110..
Finding unused cells or wires in module $paramod\Mux4\N=s32'00000000000000000000000000000110..
Finding unused cells or wires in module $paramod\RegistroPP\N=s32'00000000000000000000000000000001..
Finding unused cells or wires in module $paramod\RegistroPP\N=s32'00000000000000000000000000000010..
Finding unused cells or wires in module $paramod\RegistroPP\N=s32'00000000000000000000000000000110..
Finding unused cells or wires in module $paramod\RegistroPP\N=s32'00000000000000000000000000001010..
Finding unused cells or wires in module $paramod\Sommatore\N=s32'00000000000000000000000000000110..
Finding unused cells or wires in module $paramod\Sommatore\N=s32'00000000000000000000000000001010..
Finding unused cells or wires in module $paramod\Sottrattore\N=s32'00000000000000000000000000000110..
Finding unused cells or wires in module $paramod\Sottrattore\N=s32'00000000000000000000000000001010..
Finding unused cells or wires in module \GreedyLogic..
Finding unused cells or wires in module \vending_fsm..
Finding unused cells or wires in module \vending_structural..

9.7. Executing MEMORY_SHARE pass (consolidating $memrd/$memwr cells).

9.8. Executing OPT_MEM_WIDEN pass (optimize memories where all ports are wide).
Performed a total of 0 transformations.

9.9. Executing OPT_CLEAN pass (remove unused cells and wires).
Finding unused cells or wires in module $paramod\ComparatoreGE\N=s32'00000000000000000000000000000110..
Finding unused cells or wires in module $paramod\Mux4\N=s32'00000000000000000000000000000110..
Finding unused cells or wires in module $paramod\RegistroPP\N=s32'00000000000000000000000000000001..
Finding unused cells or wires in module $paramod\RegistroPP\N=s32'00000000000000000000000000000010..
Finding unused cells or wires in module $paramod\RegistroPP\N=s32'00000000000000000000000000000110..
Finding unused cells or wires in module $paramod\RegistroPP\N=s32'00000000000000000000000000001010..
Finding unused cells or wires in module $paramod\Sommatore\N=s32'00000000000000000000000000000110..
Finding unused cells or wires in module $paramod\Sommatore\N=s32'00000000000000000000000000001010..
Finding unused cells or wires in module $paramod\Sottrattore\N=s32'00000000000000000000000000000110..
Finding unused cells or wires in module $paramod\Sottrattore\N=s32'00000000000000000000000000001010..
Finding unused cells or wires in module \GreedyLogic..
Finding unused cells or wires in module \vending_fsm..
Finding unused cells or wires in module \vending_structural..

9.10. Executing MEMORY_COLLECT pass (generating $mem cells).

9.11. Executing MEMORY_MAP pass (converting memories to logic and flip-flops).

10. Executing OPT pass (performing simple optimizations).

10.1. Executing OPT_EXPR pass (perform const folding).
Optimizing module $paramod\ComparatoreGE\N=s32'00000000000000000000000000000110.
Optimizing module $paramod\Mux4\N=s32'00000000000000000000000000000110.
Optimizing module $paramod\RegistroPP\N=s32'00000000000000000000000000000001.
Optimizing module $paramod\RegistroPP\N=s32'00000000000000000000000000000010.
Optimizing module $paramod\RegistroPP\N=s32'00000000000000000000000000000110.
Optimizing module $paramod\RegistroPP\N=s32'00000000000000000000000000001010.
Optimizing module $paramod\Sommatore\N=s32'00000000000000000000000000000110.
Optimizing module $paramod\Sommatore\N=s32'00000000000000000000000000001010.
Optimizing module $paramod\Sottrattore\N=s32'00000000000000000000000000000110.
Optimizing module $paramod\Sottrattore\N=s32'00000000000000000000000000001010.
Optimizing module GreedyLogic.
Optimizing module vending_fsm.
Optimizing module vending_structural.

10.2. Executing OPT_MERGE pass (detect identical cells).
Finding identical cells in module `$paramod\ComparatoreGE\N=s32'00000000000000000000000000000110'.
Finding identical cells in module `$paramod\Mux4\N=s32'00000000000000000000000000000110'.
Finding identical cells in module `$paramod\RegistroPP\N=s32'00000000000000000000000000000001'.
Finding identical cells in module `$paramod\RegistroPP\N=s32'00000000000000000000000000000010'.
Finding identical cells in module `$paramod\RegistroPP\N=s32'00000000000000000000000000000110'.
Finding identical cells in module `$paramod\RegistroPP\N=s32'00000000000000000000000000001010'.
Finding identical cells in module `$paramod\Sommatore\N=s32'00000000000000000000000000000110'.
Finding identical cells in module `$paramod\Sommatore\N=s32'00000000000000000000000000001010'.
Finding identical cells in module `$paramod\Sottrattore\N=s32'00000000000000000000000000000110'.
Finding identical cells in module `$paramod\Sottrattore\N=s32'00000000000000000000000000001010'.
Finding identical cells in module `\GreedyLogic'.
Finding identical cells in module `\vending_fsm'.
Finding identical cells in module `\vending_structural'.
Removed a total of 0 cells.

10.3. Executing OPT_MUXTREE pass (detect dead branches in mux trees).
Running muxtree optimizer on module $paramod\ComparatoreGE\N=s32'00000000000000000000000000000110..
  Creating internal representation of mux trees.
  No muxes found in this module.
Running muxtree optimizer on module $paramod\Mux4\N=s32'00000000000000000000000000000110..
  Creating internal representation of mux trees.
  Evaluating internal representation of mux trees.
  Analyzing evaluation results.
Running muxtree optimizer on module $paramod\RegistroPP\N=s32'00000000000000000000000000000001..
  Creating internal representation of mux trees.
  No muxes found in this module.
Running muxtree optimizer on module $paramod\RegistroPP\N=s32'00000000000000000000000000000010..
  Creating internal representation of mux trees.
  No muxes found in this module.
Running muxtree optimizer on module $paramod\RegistroPP\N=s32'00000000000000000000000000000110..
  Creating internal representation of mux trees.
  No muxes found in this module.
Running muxtree optimizer on module $paramod\RegistroPP\N=s32'00000000000000000000000000001010..
  Creating internal representation of mux trees.
  No muxes found in this module.
Running muxtree optimizer on module $paramod\Sommatore\N=s32'00000000000000000000000000000110..
  Creating internal representation of mux trees.
  No muxes found in this module.
Running muxtree optimizer on module $paramod\Sommatore\N=s32'00000000000000000000000000001010..
  Creating internal representation of mux trees.
  No muxes found in this module.
Running muxtree optimizer on module $paramod\Sottrattore\N=s32'00000000000000000000000000000110..
  Creating internal representation of mux trees.
  No muxes found in this module.
Running muxtree optimizer on module $paramod\Sottrattore\N=s32'00000000000000000000000000001010..
  Creating internal representation of mux trees.
  No muxes found in this module.
Running muxtree optimizer on module \GreedyLogic..
  Creating internal representation of mux trees.
  Evaluating internal representation of mux trees.
  Analyzing evaluation results.
Running muxtree optimizer on module \vending_fsm..
  Creating internal representation of mux trees.
  Evaluating internal representation of mux trees.
  Analyzing evaluation results.
Running muxtree optimizer on module \vending_structural..
  Creating internal representation of mux trees.
  Evaluating internal representation of mux trees.
  Analyzing evaluation results.
Removed 0 multiplexer ports.
<suppressed ~52 debug messages>

10.4. Executing OPT_REDUCE pass (consolidate $*mux and $reduce_* inputs).
  Optimizing cells in module $paramod\ComparatoreGE\N=s32'00000000000000000000000000000110.
  Optimizing cells in module $paramod\Mux4\N=s32'00000000000000000000000000000110.
  Optimizing cells in module $paramod\RegistroPP\N=s32'00000000000000000000000000000001.
  Optimizing cells in module $paramod\RegistroPP\N=s32'00000000000000000000000000000010.
  Optimizing cells in module $paramod\RegistroPP\N=s32'00000000000000000000000000000110.
  Optimizing cells in module $paramod\RegistroPP\N=s32'00000000000000000000000000001010.
  Optimizing cells in module $paramod\Sommatore\N=s32'00000000000000000000000000000110.
  Optimizing cells in module $paramod\Sommatore\N=s32'00000000000000000000000000001010.
  Optimizing cells in module $paramod\Sottrattore\N=s32'00000000000000000000000000000110.
  Optimizing cells in module $paramod\Sottrattore\N=s32'00000000000000000000000000001010.
  Optimizing cells in module \GreedyLogic.
  Optimizing cells in module \vending_fsm.
  Optimizing cells in module \vending_structural.
Performed a total of 0 changes.

10.5. Executing OPT_MERGE pass (detect identical cells).
Finding identical cells in module `$paramod\ComparatoreGE\N=s32'00000000000000000000000000000110'.
Finding identical cells in module `$paramod\Mux4\N=s32'00000000000000000000000000000110'.
Finding identical cells in module `$paramod\RegistroPP\N=s32'00000000000000000000000000000001'.
Finding identical cells in module `$paramod\RegistroPP\N=s32'00000000000000000000000000000010'.
Finding identical cells in module `$paramod\RegistroPP\N=s32'00000000000000000000000000000110'.
Finding identical cells in module `$paramod\RegistroPP\N=s32'00000000000000000000000000001010'.
Finding identical cells in module `$paramod\Sommatore\N=s32'00000000000000000000000000000110'.
Finding identical cells in module `$paramod\Sommatore\N=s32'00000000000000000000000000001010'.
Finding identical cells in module `$paramod\Sottrattore\N=s32'00000000000000000000000000000110'.
Finding identical cells in module `$paramod\Sottrattore\N=s32'00000000000000000000000000001010'.
Finding identical cells in module `\GreedyLogic'.
Finding identical cells in module `\vending_fsm'.
Finding identical cells in module `\vending_structural'.
Removed a total of 0 cells.

10.6. Executing OPT_DFF pass (perform DFF optimizations).

10.7. Executing OPT_CLEAN pass (remove unused cells and wires).
Finding unused cells or wires in module $paramod\ComparatoreGE\N=s32'00000000000000000000000000000110..
Finding unused cells or wires in module $paramod\Mux4\N=s32'00000000000000000000000000000110..
Finding unused cells or wires in module $paramod\RegistroPP\N=s32'00000000000000000000000000000001..
Finding unused cells or wires in module $paramod\RegistroPP\N=s32'00000000000000000000000000000010..
Finding unused cells or wires in module $paramod\RegistroPP\N=s32'00000000000000000000000000000110..
Finding unused cells or wires in module $paramod\RegistroPP\N=s32'00000000000000000000000000001010..
Finding unused cells or wires in module $paramod\Sommatore\N=s32'00000000000000000000000000000110..
Finding unused cells or wires in module $paramod\Sommatore\N=s32'00000000000000000000000000001010..
Finding unused cells or wires in module $paramod\Sottrattore\N=s32'00000000000000000000000000000110..
Finding unused cells or wires in module $paramod\Sottrattore\N=s32'00000000000000000000000000001010..
Finding unused cells or wires in module \GreedyLogic..
Finding unused cells or wires in module \vending_fsm..
Finding unused cells or wires in module \vending_structural..

10.8. Executing OPT_EXPR pass (perform const folding).
Optimizing module $paramod\ComparatoreGE\N=s32'00000000000000000000000000000110.
Optimizing module $paramod\Mux4\N=s32'00000000000000000000000000000110.
Optimizing module $paramod\RegistroPP\N=s32'00000000000000000000000000000001.
Optimizing module $paramod\RegistroPP\N=s32'00000000000000000000000000000010.
Optimizing module $paramod\RegistroPP\N=s32'00000000000000000000000000000110.
Optimizing module $paramod\RegistroPP\N=s32'00000000000000000000000000001010.
Optimizing module $paramod\Sommatore\N=s32'00000000000000000000000000000110.
Optimizing module $paramod\Sommatore\N=s32'00000000000000000000000000001010.
Optimizing module $paramod\Sottrattore\N=s32'00000000000000000000000000000110.
Optimizing module $paramod\Sottrattore\N=s32'00000000000000000000000000001010.
Optimizing module GreedyLogic.
Optimizing module vending_fsm.
Optimizing module vending_structural.

10.9. Finished OPT passes. (There is nothing left to do.)

11. Executing FLATTEN pass (flatten design).
Deleting now unused module $paramod\ComparatoreGE\N=s32'00000000000000000000000000000110.
Deleting now unused module $paramod\Mux4\N=s32'00000000000000000000000000000110.
Deleting now unused module $paramod\RegistroPP\N=s32'00000000000000000000000000000001.
Deleting now unused module $paramod\RegistroPP\N=s32'00000000000000000000000000000010.
Deleting now unused module $paramod\RegistroPP\N=s32'00000000000000000000000000000110.
Deleting now unused module $paramod\RegistroPP\N=s32'00000000000000000000000000001010.
Deleting now unused module $paramod\Sommatore\N=s32'00000000000000000000000000000110.
Deleting now unused module $paramod\Sommatore\N=s32'00000000000000000000000000001010.
Deleting now unused module $paramod\Sottrattore\N=s32'00000000000000000000000000000110.
Deleting now unused module $paramod\Sottrattore\N=s32'00000000000000000000000000001010.
Deleting now unused module GreedyLogic.
Deleting now unused module vending_fsm.
<suppressed ~35 debug messages>

12. Executing TECHMAP pass (map to technology primitives).

12.1. Executing Verilog-2005 frontend: /usr/bin/../share/yosys/techmap.v
Parsing Verilog input from `/usr/bin/../share/yosys/techmap.v' to AST representation.
Generating RTLIL representation for module `\_90_simplemap_bool_ops'.
Generating RTLIL representation for module `\_90_simplemap_reduce_ops'.
Generating RTLIL representation for module `\_90_simplemap_logic_ops'.
Generating RTLIL representation for module `\_90_simplemap_compare_ops'.
Generating RTLIL representation for module `\_90_simplemap_various'.
Generating RTLIL representation for module `\_90_simplemap_registers'.
Generating RTLIL representation for module `\_90_shift_ops_shr_shl_sshl_sshr'.
Generating RTLIL representation for module `\_90_shift_shiftx'.
Generating RTLIL representation for module `\_90_fa'.
Generating RTLIL representation for module `\_90_lcu'.
Generating RTLIL representation for module `\_90_alu'.
Generating RTLIL representation for module `\_90_macc'.
Generating RTLIL representation for module `\_90_alumacc'.
Generating RTLIL representation for module `\$__div_mod_u'.
Generating RTLIL representation for module `\$__div_mod_trunc'.
Generating RTLIL representation for module `\_90_div'.
Generating RTLIL representation for module `\_90_mod'.
Generating RTLIL representation for module `\$__div_mod_floor'.
Generating RTLIL representation for module `\_90_divfloor'.
Generating RTLIL representation for module `\_90_modfloor'.
Generating RTLIL representation for module `\_90_pow'.
Generating RTLIL representation for module `\_90_pmux'.
Generating RTLIL representation for module `\_90_demux'.
Generating RTLIL representation for module `\_90_lut'.
Successfully finished Verilog frontend.

12.2. Continuing TECHMAP pass.
Using extmapper simplemap for cells of type $reduce_bool.
Using extmapper simplemap for cells of type $logic_not.
Using extmapper simplemap for cells of type $and.
Using extmapper simplemap for cells of type $eq.
Running "alumacc" on wrapper $extern:wrap:$ge:A_SIGNED=0:A_WIDTH=6:B_SIGNED=0:B_WIDTH=6:Y_WIDTH=1:394426c56d1a028ba8fdd5469b163e04011def47.
Using template $extern:wrap:$ge:A_SIGNED=0:A_WIDTH=6:B_SIGNED=0:B_WIDTH=6:Y_WIDTH=1:394426c56d1a028ba8fdd5469b163e04011def47 for cells of type $extern:wrap:$ge:A_SIGNED=0:A_WIDTH=6:B_SIGNED=0:B_WIDTH=6:Y_WIDTH=1:394426c56d1a028ba8fdd5469b163e04011def47.
Running "alumacc" on wrapper $extern:wrap:$add:A_SIGNED=0:A_WIDTH=10:B_SIGNED=0:B_WIDTH=10:Y_WIDTH=10:394426c56d1a028ba8fdd5469b163e04011def47.
Using template $extern:wrap:$add:A_SIGNED=0:A_WIDTH=10:B_SIGNED=0:B_WIDTH=10:Y_WIDTH=10:394426c56d1a028ba8fdd5469b163e04011def47 for cells of type $extern:wrap:$add:A_SIGNED=0:A_WIDTH=10:B_SIGNED=0:B_WIDTH=10:Y_WIDTH=10:394426c56d1a028ba8fdd5469b163e04011def47.
Running "alumacc" on wrapper $extern:wrap:$add:A_SIGNED=0:A_WIDTH=6:B_SIGNED=0:B_WIDTH=6:Y_WIDTH=6:394426c56d1a028ba8fdd5469b163e04011def47.
Using template $extern:wrap:$add:A_SIGNED=0:A_WIDTH=6:B_SIGNED=0:B_WIDTH=6:Y_WIDTH=6:394426c56d1a028ba8fdd5469b163e04011def47 for cells of type $extern:wrap:$add:A_SIGNED=0:A_WIDTH=6:B_SIGNED=0:B_WIDTH=6:Y_WIDTH=6:394426c56d1a028ba8fdd5469b163e04011def47.
Running "alumacc" on wrapper $extern:wrap:$sub:A_SIGNED=0:A_WIDTH=6:B_SIGNED=0:B_WIDTH=6:Y_WIDTH=6:394426c56d1a028ba8fdd5469b163e04011def47.
Using template $extern:wrap:$sub:A_SIGNED=0:A_WIDTH=6:B_SIGNED=0:B_WIDTH=6:Y_WIDTH=6:394426c56d1a028ba8fdd5469b163e04011def47 for cells of type $extern:wrap:$sub:A_SIGNED=0:A_WIDTH=6:B_SIGNED=0:B_WIDTH=6:Y_WIDTH=6:394426c56d1a028ba8fdd5469b163e04011def47.
Using extmapper simplemap for cells of type $mux.
Using extmapper simplemap for cells of type $or.
Using template $paramod$f3115659d5e2977ebd2cb01ff3557fc5f6187689\_90_pmux for cells of type $pmux.
Running "alumacc" on wrapper $extern:wrap:$lt:A_SIGNED=0:A_WIDTH=6:B_SIGNED=0:B_WIDTH=6:Y_WIDTH=1:394426c56d1a028ba8fdd5469b163e04011def47.
Using template $extern:wrap:$lt:A_SIGNED=0:A_WIDTH=6:B_SIGNED=0:B_WIDTH=6:Y_WIDTH=1:394426c56d1a028ba8fdd5469b163e04011def47 for cells of type $extern:wrap:$lt:A_SIGNED=0:A_WIDTH=6:B_SIGNED=0:B_WIDTH=6:Y_WIDTH=1:394426c56d1a028ba8fdd5469b163e04011def47.
Using extmapper simplemap for cells of type $logic_and.
Using extmapper simplemap for cells of type $logic_or.
Running "alumacc" on wrapper $extern:wrap:$sub:A_SIGNED=0:A_WIDTH=10:B_SIGNED=0:B_WIDTH=10:Y_WIDTH=10:394426c56d1a028ba8fdd5469b163e04011def47.
Using template $extern:wrap:$sub:A_SIGNED=0:A_WIDTH=10:B_SIGNED=0:B_WIDTH=10:Y_WIDTH=10:394426c56d1a028ba8fdd5469b163e04011def47 for cells of type $extern:wrap:$sub:A_SIGNED=0:A_WIDTH=10:B_SIGNED=0:B_WIDTH=10:Y_WIDTH=10:394426c56d1a028ba8fdd5469b163e04011def47.
Using template $paramod$c5c783b17ab1d780abfad8cfe6563a0a7b47a3b0\_90_pmux for cells of type $pmux.
Using template $paramod$068ad458e7761d78e5eed8238508872e7b0aef95\_90_pmux for cells of type $pmux.
Using extmapper simplemap for cells of type $adff.
Running "alumacc" on wrapper $extern:wrap:$lt:A_SIGNED=0:A_WIDTH=4:B_SIGNED=0:B_WIDTH=4:Y_WIDTH=1:394426c56d1a028ba8fdd5469b163e04011def47.
Using template $extern:wrap:$lt:A_SIGNED=0:A_WIDTH=4:B_SIGNED=0:B_WIDTH=4:Y_WIDTH=1:394426c56d1a028ba8fdd5469b163e04011def47 for cells of type $extern:wrap:$lt:A_SIGNED=0:A_WIDTH=4:B_SIGNED=0:B_WIDTH=4:Y_WIDTH=1:394426c56d1a028ba8fdd5469b163e04011def47.
Using extmapper simplemap for cells of type $reduce_or.
Using extmapper simplemap for cells of type $adffe.
Running "alumacc" on wrapper $extern:wrap:$add:A_SIGNED=0:A_WIDTH=4:B_SIGNED=0:B_WIDTH=4:Y_WIDTH=4:394426c56d1a028ba8fdd5469b163e04011def47.
Using template $extern:wrap:$add:A_SIGNED=0:A_WIDTH=4:B_SIGNED=0:B_WIDTH=4:Y_WIDTH=4:394426c56d1a028ba8fdd5469b163e04011def47 for cells of type $extern:wrap:$add:A_SIGNED=0:A_WIDTH=4:B_SIGNED=0:B_WIDTH=4:Y_WIDTH=4:394426c56d1a028ba8fdd5469b163e04011def47.
Running "alumacc" on wrapper $extern:wrap:$mul:A_SIGNED=0:A_WIDTH=6:B_SIGNED=0:B_WIDTH=6:Y_WIDTH=6:394426c56d1a028ba8fdd5469b163e04011def47.
Using template $extern:wrap:$mul:A_SIGNED=0:A_WIDTH=6:B_SIGNED=0:B_WIDTH=6:Y_WIDTH=6:394426c56d1a028ba8fdd5469b163e04011def47 for cells of type $extern:wrap:$mul:A_SIGNED=0:A_WIDTH=6:B_SIGNED=0:B_WIDTH=6:Y_WIDTH=6:394426c56d1a028ba8fdd5469b163e04011def47.
Running "alumacc" on wrapper $extern:wrap:$mul:A_SIGNED=0:A_WIDTH=6:B_SIGNED=0:B_WIDTH=5:Y_WIDTH=5:394426c56d1a028ba8fdd5469b163e04011def47.
Using template $extern:wrap:$mul:A_SIGNED=0:A_WIDTH=6:B_SIGNED=0:B_WIDTH=5:Y_WIDTH=5:394426c56d1a028ba8fdd5469b163e04011def47 for cells of type $extern:wrap:$mul:A_SIGNED=0:A_WIDTH=6:B_SIGNED=0:B_WIDTH=5:Y_WIDTH=5:394426c56d1a028ba8fdd5469b163e04011def47.
Running "alumacc" on wrapper $extern:wrap:$gt:A_SIGNED=0:A_WIDTH=6:B_SIGNED=0:B_WIDTH=6:Y_WIDTH=1:394426c56d1a028ba8fdd5469b163e04011def47.
Using template $extern:wrap:$gt:A_SIGNED=0:A_WIDTH=6:B_SIGNED=0:B_WIDTH=6:Y_WIDTH=1:394426c56d1a028ba8fdd5469b163e04011def47 for cells of type $extern:wrap:$gt:A_SIGNED=0:A_WIDTH=6:B_SIGNED=0:B_WIDTH=6:Y_WIDTH=1:394426c56d1a028ba8fdd5469b163e04011def47.
Using template $paramod$00298f3f8094950cb9a5ff2fda48d0d8bde8806c\_90_div for cells of type $div.
Using extmapper simplemap for cells of type $reduce_and.
Using template $paramod$00298f3f8094950cb9a5ff2fda48d0d8bde8806c\_90_alu for cells of type $alu.
Using template $paramod$484d51534650924b7ed4c69e46eed3a56904771f\_90_alu for cells of type $alu.
Using extmapper simplemap for cells of type $not.
Using template $paramod$740b056ede97228d3eae64ea2fdc81f0a33e0fe7\_90_alu for cells of type $alu.
Using extmapper maccmap for cells of type $macc.
  add $flatten\greedy_inst.$3\calc_qty[5:0] * 6'000101 (6x6 bits, unsigned)
  add $flatten\greedy_inst.$2\calc_qty[5:0] * 5'00101 (6x5 bits, unsigned)
Using template $paramod$00298f3f8094950cb9a5ff2fda48d0d8bde8806c\$__div_mod_trunc for cells of type $__div_mod_trunc.
Using extmapper simplemap for cells of type $xor.
Using template $paramod\_90_lcu\WIDTH=32'00000000000000000000000000000110 for cells of type $lcu.
Using extmapper simplemap for cells of type $pos.
Using template $paramod\_90_lcu\WIDTH=32'00000000000000000000000000001010 for cells of type $lcu.
Using template $paramod\_90_lcu\WIDTH=32'00000000000000000000000000000100 for cells of type $lcu.
Using template $paramod\_90_fa\WIDTH=32'00000000000000000000000000000110 for cells of type $fa.
Using template $paramod\_90_fa\WIDTH=32'00000000000000000000000000000101 for cells of type $fa.
Using template $paramod$b18e16801adf491a64caa0542270798e5d4ac6b6\_90_alu for cells of type $alu.
Running "alumacc" on wrapper $extern:wrap:$neg:Y_WIDTH=6:A_WIDTH=6:A_SIGNED=0:394426c56d1a028ba8fdd5469b163e04011def47.
Using template $extern:wrap:$neg:Y_WIDTH=6:A_WIDTH=6:A_SIGNED=0:394426c56d1a028ba8fdd5469b163e04011def47 for cells of type $extern:wrap:$neg:Y_WIDTH=6:A_WIDTH=6:A_SIGNED=0:394426c56d1a028ba8fdd5469b163e04011def47.
Using extmapper simplemap for cells of type $ne.
Using template $paramod\$__div_mod_u\WIDTH=32'00000000000000000000000000000110 for cells of type $__div_mod_u.
Using template $paramod\_90_lcu\WIDTH=32'00000000000000000000000000000101 for cells of type $lcu.
Using template $paramod$821d2886e47353e724eaca46af4992e9c3e6ac1d\_90_alu for cells of type $alu.
Running "alumacc" on wrapper $extern:wrap:$sub:Y_WIDTH=6:B_WIDTH=6:A_WIDTH=6:B_SIGNED=0:A_SIGNED=0:394426c56d1a028ba8fdd5469b163e04011def47.
Using template $extern:wrap:$sub:Y_WIDTH=6:B_WIDTH=6:A_WIDTH=6:B_SIGNED=0:A_SIGNED=0:394426c56d1a028ba8fdd5469b163e04011def47 for cells of type $extern:wrap:$sub:Y_WIDTH=6:B_WIDTH=6:A_WIDTH=6:B_SIGNED=0:A_SIGNED=0:394426c56d1a028ba8fdd5469b163e04011def47.
Running "alumacc" on wrapper $extern:wrap:$ge:Y_WIDTH=1:B_WIDTH=6:A_WIDTH=6:B_SIGNED=0:A_SIGNED=0:394426c56d1a028ba8fdd5469b163e04011def47.
Using template $extern:wrap:$ge:Y_WIDTH=1:B_WIDTH=6:A_WIDTH=6:B_SIGNED=0:A_SIGNED=0:394426c56d1a028ba8fdd5469b163e04011def47 for cells of type $extern:wrap:$ge:Y_WIDTH=1:B_WIDTH=6:A_WIDTH=6:B_SIGNED=0:A_SIGNED=0:394426c56d1a028ba8fdd5469b163e04011def47.
Running "alumacc" on wrapper $extern:wrap:$sub:Y_WIDTH=7:B_WIDTH=7:A_WIDTH=6:B_SIGNED=0:A_SIGNED=0:394426c56d1a028ba8fdd5469b163e04011def47.
Using template $extern:wrap:$sub:Y_WIDTH=7:B_WIDTH=7:A_WIDTH=6:B_SIGNED=0:A_SIGNED=0:394426c56d1a028ba8fdd5469b163e04011def47 for cells of type $extern:wrap:$sub:Y_WIDTH=7:B_WIDTH=7:A_WIDTH=6:B_SIGNED=0:A_SIGNED=0:394426c56d1a028ba8fdd5469b163e04011def47.
Running "alumacc" on wrapper $extern:wrap:$ge:Y_WIDTH=1:B_WIDTH=7:A_WIDTH=6:B_SIGNED=0:A_SIGNED=0:394426c56d1a028ba8fdd5469b163e04011def47.
Using template $extern:wrap:$ge:Y_WIDTH=1:B_WIDTH=7:A_WIDTH=6:B_SIGNED=0:A_SIGNED=0:394426c56d1a028ba8fdd5469b163e04011def47 for cells of type $extern:wrap:$ge:Y_WIDTH=1:B_WIDTH=7:A_WIDTH=6:B_SIGNED=0:A_SIGNED=0:394426c56d1a028ba8fdd5469b163e04011def47.
Running "alumacc" on wrapper $extern:wrap:$sub:Y_WIDTH=8:B_WIDTH=8:A_WIDTH=6:B_SIGNED=0:A_SIGNED=0:394426c56d1a028ba8fdd5469b163e04011def47.
Using template $extern:wrap:$sub:Y_WIDTH=8:B_WIDTH=8:A_WIDTH=6:B_SIGNED=0:A_SIGNED=0:394426c56d1a028ba8fdd5469b163e04011def47 for cells of type $extern:wrap:$sub:Y_WIDTH=8:B_WIDTH=8:A_WIDTH=6:B_SIGNED=0:A_SIGNED=0:394426c56d1a028ba8fdd5469b163e04011def47.
Running "alumacc" on wrapper $extern:wrap:$ge:Y_WIDTH=1:B_WIDTH=8:A_WIDTH=6:B_SIGNED=0:A_SIGNED=0:394426c56d1a028ba8fdd5469b163e04011def47.
Using template $extern:wrap:$ge:Y_WIDTH=1:B_WIDTH=8:A_WIDTH=6:B_SIGNED=0:A_SIGNED=0:394426c56d1a028ba8fdd5469b163e04011def47 for cells of type $extern:wrap:$ge:Y_WIDTH=1:B_WIDTH=8:A_WIDTH=6:B_SIGNED=0:A_SIGNED=0:394426c56d1a028ba8fdd5469b163e04011def47.
Running "alumacc" on wrapper $extern:wrap:$sub:Y_WIDTH=9:B_WIDTH=9:A_WIDTH=6:B_SIGNED=0:A_SIGNED=0:394426c56d1a028ba8fdd5469b163e04011def47.
Using template $extern:wrap:$sub:Y_WIDTH=9:B_WIDTH=9:A_WIDTH=6:B_SIGNED=0:A_SIGNED=0:394426c56d1a028ba8fdd5469b163e04011def47 for cells of type $extern:wrap:$sub:Y_WIDTH=9:B_WIDTH=9:A_WIDTH=6:B_SIGNED=0:A_SIGNED=0:394426c56d1a028ba8fdd5469b163e04011def47.
Running "alumacc" on wrapper $extern:wrap:$ge:Y_WIDTH=1:B_WIDTH=9:A_WIDTH=6:B_SIGNED=0:A_SIGNED=0:394426c56d1a028ba8fdd5469b163e04011def47.
Using template $extern:wrap:$ge:Y_WIDTH=1:B_WIDTH=9:A_WIDTH=6:B_SIGNED=0:A_SIGNED=0:394426c56d1a028ba8fdd5469b163e04011def47 for cells of type $extern:wrap:$ge:Y_WIDTH=1:B_WIDTH=9:A_WIDTH=6:B_SIGNED=0:A_SIGNED=0:394426c56d1a028ba8fdd5469b163e04011def47.
Running "alumacc" on wrapper $extern:wrap:$sub:Y_WIDTH=10:B_WIDTH=10:A_WIDTH=6:B_SIGNED=0:A_SIGNED=0:394426c56d1a028ba8fdd5469b163e04011def47.
Using template $extern:wrap:$sub:Y_WIDTH=10:B_WIDTH=10:A_WIDTH=6:B_SIGNED=0:A_SIGNED=0:394426c56d1a028ba8fdd5469b163e04011def47 for cells of type $extern:wrap:$sub:Y_WIDTH=10:B_WIDTH=10:A_WIDTH=6:B_SIGNED=0:A_SIGNED=0:394426c56d1a028ba8fdd5469b163e04011def47.
Running "alumacc" on wrapper $extern:wrap:$ge:Y_WIDTH=1:B_WIDTH=10:A_WIDTH=6:B_SIGNED=0:A_SIGNED=0:394426c56d1a028ba8fdd5469b163e04011def47.
Using template $extern:wrap:$ge:Y_WIDTH=1:B_WIDTH=10:A_WIDTH=6:B_SIGNED=0:A_SIGNED=0:394426c56d1a028ba8fdd5469b163e04011def47 for cells of type $extern:wrap:$ge:Y_WIDTH=1:B_WIDTH=10:A_WIDTH=6:B_SIGNED=0:A_SIGNED=0:394426c56d1a028ba8fdd5469b163e04011def47.
Running "alumacc" on wrapper $extern:wrap:$sub:Y_WIDTH=11:B_WIDTH=11:A_WIDTH=6:B_SIGNED=0:A_SIGNED=0:394426c56d1a028ba8fdd5469b163e04011def47.
Using template $extern:wrap:$sub:Y_WIDTH=11:B_WIDTH=11:A_WIDTH=6:B_SIGNED=0:A_SIGNED=0:394426c56d1a028ba8fdd5469b163e04011def47 for cells of type $extern:wrap:$sub:Y_WIDTH=11:B_WIDTH=11:A_WIDTH=6:B_SIGNED=0:A_SIGNED=0:394426c56d1a028ba8fdd5469b163e04011def47.
Running "alumacc" on wrapper $extern:wrap:$ge:Y_WIDTH=1:B_WIDTH=11:A_WIDTH=6:B_SIGNED=0:A_SIGNED=0:394426c56d1a028ba8fdd5469b163e04011def47.
Using template $extern:wrap:$ge:Y_WIDTH=1:B_WIDTH=11:A_WIDTH=6:B_SIGNED=0:A_SIGNED=0:394426c56d1a028ba8fdd5469b163e04011def47 for cells of type $extern:wrap:$ge:Y_WIDTH=1:B_WIDTH=11:A_WIDTH=6:B_SIGNED=0:A_SIGNED=0:394426c56d1a028ba8fdd5469b163e04011def47.
Using template $paramod$c4905825bb8ecc38b98eb4167e8b007447af7884\_90_alu for cells of type $alu.
Using template $paramod$150d098cb9cca1819459bc5073194c8c53d2862d\_90_alu for cells of type $alu.
Using template $paramod$8ffc13f158d9c4b92f6c17114e5b147ae5ead21a\_90_alu for cells of type $alu.
Using template $paramod$9c32b45917accb56be6667e7eba7742d064d7fbb\_90_alu for cells of type $alu.
Using template $paramod$6a7f9ecd57c555325e0ef49a9999665bb92312d8\_90_alu for cells of type $alu.
Using template $paramod\_90_lcu\WIDTH=32'00000000000000000000000000000111 for cells of type $lcu.
Using template $paramod\_90_lcu\WIDTH=32'00000000000000000000000000001000 for cells of type $lcu.
Using template $paramod\_90_lcu\WIDTH=32'00000000000000000000000000001001 for cells of type $lcu.
Using template $paramod\_90_lcu\WIDTH=32'00000000000000000000000000001011 for cells of type $lcu.
No more expansions possible.
<suppressed ~4024 debug messages>

13. Executing ABC pass (technology mapping using ABC).

13.1. Extracting gate netlist of module `\vending_structural' to `<abc-temp-dir>/input.blif'..
Extracted 5042 gates and 5189 wires to a netlist network with 144 inputs and 155 outputs.

13.1.1. Executing ABC.
Running ABC command: "<yosys-exe-dir>/yosys-abc" -s -f <abc-temp-dir>/abc.script 2>&1
ABC: ABC command line: "source <abc-temp-dir>/abc.script".
ABC: 
ABC: + read_blif <abc-temp-dir>/input.blif 
ABC: + read_library <abc-temp-dir>/stdcells.genlib 
ABC: Entered genlib library with 10 gates from file "<abc-temp-dir>/stdcells.genlib".
ABC: + strash 
ABC: + &get -n 
ABC: + &fraig -x 
ABC: + &put 
ABC: + scorr 
ABC: Warning: The network is combinational (run "fraig" or "fraig_sweep").
ABC: + dc2 
ABC: + dretime 
ABC: + strash 
ABC: + &get -n 
ABC: + &dch -f 
ABC: + &nf 
ABC: + &put 
ABC: + write_blif <abc-temp-dir>/output.blif 

13.1.2. Re-integrating ABC results.
ABC RESULTS:               XOR cells:       32
ABC RESULTS:               NOT cells:       52
ABC RESULTS:               NOR cells:       49
ABC RESULTS:              NAND cells:      639
ABC RESULTS:              XNOR cells:       78
ABC RESULTS:               AND cells:      215
ABC RESULTS:                OR cells:      159
ABC RESULTS:               BUF cells:        1
ABC RESULTS:        internal signals:     4890
ABC RESULTS:           input signals:      144
ABC RESULTS:          output signals:      155
Removing temp directory.

14. Executing OPT_CLEAN pass (remove unused cells and wires).
Finding unused cells or wires in module \vending_structural..
Removed 3 unused cells and 3995 unused wires.
<suppressed ~90 debug messages>

15. Printing statistics.

=== vending_structural ===

   Number of wires:               1333
   Number of wire bits:           1986
   Number of public wires:         258
   Number of public wire bits:     908
   Number of memories:               0
   Number of memory bits:            0
   Number of processes:              0
   Number of cells:               1360
     $_AND_                        215
     $_DFFE_PN0P_                  134
     $_DFF_PN0_                      2
     $_NAND_                       639
     $_NOR_                         49
     $_NOT_                         52
     $_OR_                         159
     $_XNOR_                        78
     $_XOR_                         32

16. Executing Verilog backend.

16.1. Executing BMUXMAP pass.

16.2. Executing DEMUXMAP pass.
Dumping module `\vending_structural'.

End of script. Logfile hash: 168808af1c, CPU: user 0.69s system 0.04s, MEM: 49.06 MB peak
Yosys 0.33 (git sha1 2584903a060)
Time spent: 32% 1x abc (0 sec), 26% 1x techmap (0 sec), ...
